<html>
<body>
<pre>
<h1>�Vision Build Log</h1>
<h2>Tool Versions:</h2>
IDE-Version: ��Vision V5.33.0.0
Copyright (C) 2020 ARM Ltd and ARM Germany GmbH. All rights reserved.
License Information: 1 james021103@126.com, 1, LIC=AK1BF-6HSFV-687FC-7KS8B-UIXFX-RV5UB
 
Tool Versions:
Toolchain:       MDK-ARM Professional  Version: 5.33.0.0
Toolchain Path:  F:\keil\ARM\ARMCC\Bin
C Compiler:      Armcc.exe V5.06 update 7 (build 960)
Assembler:       Armasm.exe V5.06 update 7 (build 960)
Linker/Locator:  ArmLink.exe V5.06 update 7 (build 960)
Library Manager: ArmAr.exe V5.06 update 7 (build 960)
Hex Converter:   FromElf.exe V5.06 update 7 (build 960)
CPU DLL:         SARMCM3.DLL V5.33.0.0
Dialog DLL:      DCM.DLL V1.17.3.0
Target DLL:      STLink\ST-LINKIII-KEIL_SWO.dll V3.0.8.0
Dialog DLL:      TCM.DLL V1.48.0.0
 
<h2>Project:</h2>
F:\THE_LIBRARY\CODE_BASE\ROBOSERVO\THE ER-0.3-final\MDK-ARM\THE ER-0.3.uvprojx
Project File Date:  06/24/2023

<h2>Output:</h2>
*** Using Compiler 'V5.06 update 7 (build 960)', folder: 'F:\keil\ARM\ARMCC\Bin'
Rebuild target 'THE ER-0.3'
compiling pid.c...
assembling startup_stm32f407xx.s...
compiling stm32f4xx_it.c...
compiling usart.c...
compiling gpio.c...
compiling dma.c...
compiling pick.c...
pick.c(43): warning:  #1-D: last line of file ends without a newline
  } 
pick.c: 1 warning, 0 errors
compiling chassis.c...
compiling pitch_init.c...
pitch.h(151): warning:  #1035-D: single-precision operand implicitly converted to double-precision
      (float)(current_position - motor->last_position) * SAMPLING_FREQUENCY / PITCH_SPEED_FACTOR;  // 当前速度
pitch.h(184): warning:  #1035-D: single-precision operand implicitly converted to double-precision
    motor->position_controller.Ki = i_position / SAMPLING_FREQUENCY;
pitch.h(197): warning:  #1035-D: single-precision operand implicitly converted to double-precision
    motor->position_controller.Kd = d_position * SAMPLING_FREQUENCY;
pitch_init.h(24): warning:  #1-D: last line of file ends without a newline
  #endif
pitch_init.c(54): warning:  #1-D: last line of file ends without a newline
  }	
pitch_init.c: 5 warnings, 0 errors
compiling friction.c...
compiling can.c...
compiling bsp_can.c...
compiling pitch.c...
pitch.h(151): warning:  #1035-D: single-precision operand implicitly converted to double-precision
      (float)(current_position - motor->last_position) * SAMPLING_FREQUENCY / PITCH_SPEED_FACTOR;  // 当前速度
pitch.h(184): warning:  #1035-D: single-precision operand implicitly converted to double-precision
    motor->position_controller.Ki = i_position / SAMPLING_FREQUENCY;
pitch.h(197): warning:  #1035-D: single-precision operand implicitly converted to double-precision
    motor->position_controller.Kd = d_position * SAMPLING_FREQUENCY;
pitch.c(27): warning:  #1035-D: single-precision operand implicitly converted to double-precision
    if(angle > ANGLE_RST)
pitch.c(29): warning:  #1035-D: single-precision operand implicitly converted to double-precision
      angle = angle - ANGLE_RST;
pitch.c(33): warning:  #1035-D: single-precision operand implicitly converted to double-precision
      angle = angle + 360 - ANGLE_RST;
pitch.c(78): warning:  #1035-D: single-precision operand implicitly converted to double-precision
        .Ki = i_position / SAMPLING_FREQUENCY,
pitch.c(79): warning:  #1035-D: single-precision operand implicitly converted to double-precision
        .Kd = d_position * SAMPLING_FREQUENCY
pitch.c: 8 warnings, 0 errors
compiling tim.c...
compiling main.c...
../MDK-ARM/pitch.h(151): warning:  #1035-D: single-precision operand implicitly converted to double-precision
      (float)(current_position - motor->last_position) * SAMPLING_FREQUENCY / PITCH_SPEED_FACTOR;  // 当前速度
../MDK-ARM/pitch.h(184): warning:  #1035-D: single-precision operand implicitly converted to double-precision
    motor->position_controller.Ki = i_position / SAMPLING_FREQUENCY;
../MDK-ARM/pitch.h(197): warning:  #1035-D: single-precision operand implicitly converted to double-precision
    motor->position_controller.Kd = d_position * SAMPLING_FREQUENCY;
../MDK-ARM/pitch_init.h(24): warning:  #1-D: last line of file ends without a newline
  #endif
../Core/Src/main.c: 4 warnings, 0 errors
compiling freertos.c...
../MDK-ARM/pitch.h(151): warning:  #1035-D: single-precision operand implicitly converted to double-precision
      (float)(current_position - motor->last_position) * SAMPLING_FREQUENCY / PITCH_SPEED_FACTOR;  // 当前速度
../MDK-ARM/pitch.h(184): warning:  #1035-D: single-precision operand implicitly converted to double-precision
    motor->position_controller.Ki = i_position / SAMPLING_FREQUENCY;
../MDK-ARM/pitch.h(197): warning:  #1035-D: single-precision operand implicitly converted to double-precision
    motor->position_controller.Kd = d_position * SAMPLING_FREQUENCY;
../MDK-ARM/pitch_init.h(24): warning:  #1-D: last line of file ends without a newline
  #endif
../Core/Src/freertos.c: 4 warnings, 0 errors
compiling stm32f4xx_hal_timebase_tim.c...
compiling stm32f4xx_hal_flash_ramfunc.c...
compiling stm32f4xx_hal_flash.c...
compiling stm32f4xx_hal_msp.c...
compiling stm32f4xx_hal_pwr_ex.c...
compiling stm32f4xx_hal_gpio.c...
compiling stm32f4xx_hal_pwr.c...
compiling stm32f4xx_hal_cortex.c...
compiling stm32f4xx_hal_dma_ex.c...
compiling stm32f4xx_hal_flash_ex.c...
compiling stm32f4xx_hal_rcc_ex.c...
compiling stm32f4xx_hal_rcc.c...
compiling croutine.c...
compiling stm32f4xx_hal_can.c...
compiling stm32f4xx_hal_dma.c...
compiling event_groups.c...
compiling list.c...
compiling timers.c...
compiling stream_buffer.c...
compiling heap_4.c...
compiling queue.c...
compiling port.c...
compiling tasks.c...
compiling cmsis_os.c...
compiling stm32f4xx_hal.c...
compiling system_stm32f4xx.c...
compiling stm32f4xx_hal_exti.c...
compiling stm32f4xx_hal_uart.c...
compiling stm32f4xx_hal_tim_ex.c...
compiling stm32f4xx_hal_tim.c...
linking...
Program Size: Code=31808 RO-data=616 RW-data=212 ZI-data=18844  
FromELF: creating hex file...
"THE ER-0.3\THE ER-final.axf" - 0 Error(s), 22 Warning(s).

<h2>Software Packages used:</h2>

Package Vendor: ARM
                http://www.keil.com/pack/ARM.CMSIS.5.8.0.pack
                ARM.CMSIS.5.8.0
                CMSIS (Common Microcontroller Software Interface Standard)
   * Component: CORE Version: 5.5.0

Package Vendor: Keil
                https://www.keil.com/pack/Keil.STM32F4xx_DFP.2.17.0.pack
                Keil.STM32F4xx_DFP.2.17.0
                STMicroelectronics STM32F4 Series Device Support, Drivers and Examples

<h2>Collection of Component include folders:</h2>
  .\RTE\_THE_ER-0.3
  F:\keil\ARM\PACK\ARM\CMSIS\5.8.0\CMSIS\Core\Include
  F:\keil\ARM\PACK\Keil\STM32F4xx_DFP\2.17.0\Drivers\CMSIS\Device\ST\STM32F4xx\Include

<h2>Collection of Component Files used:</h2>

   * Component: ARM::CMSIS:CORE:5.5.0
      Include file:  CMSIS\Core\Include\tz_context.h
Build Time Elapsed:  00:00:20
</pre>
</body>
</html>
