Component: ARM Compiler 5.06 update 7 (build 960) Tool: armlink [4d3601]

==============================================================================

Section Cross References

    startup_stm32f407xx.o(RESET) refers to startup_stm32f407xx.o(STACK) for __initial_sp
    startup_stm32f407xx.o(RESET) refers to startup_stm32f407xx.o(.text) for Reset_Handler
    startup_stm32f407xx.o(RESET) refers to stm32f4xx_it.o(i.NMI_Handler) for NMI_Handler
    startup_stm32f407xx.o(RESET) refers to stm32f4xx_it.o(i.HardFault_Handler) for HardFault_Handler
    startup_stm32f407xx.o(RESET) refers to stm32f4xx_it.o(i.MemManage_Handler) for MemManage_Handler
    startup_stm32f407xx.o(RESET) refers to stm32f4xx_it.o(i.BusFault_Handler) for BusFault_Handler
    startup_stm32f407xx.o(RESET) refers to stm32f4xx_it.o(i.UsageFault_Handler) for UsageFault_Handler
    startup_stm32f407xx.o(RESET) refers to port.o(.emb_text) for SVC_Handler
    startup_stm32f407xx.o(RESET) refers to stm32f4xx_it.o(i.DebugMon_Handler) for DebugMon_Handler
    startup_stm32f407xx.o(RESET) refers to port.o(i.SysTick_Handler) for SysTick_Handler
    startup_stm32f407xx.o(RESET) refers to stm32f4xx_it.o(i.DMA1_Stream1_IRQHandler) for DMA1_Stream1_IRQHandler
    startup_stm32f407xx.o(RESET) refers to stm32f4xx_it.o(i.CAN1_TX_IRQHandler) for CAN1_TX_IRQHandler
    startup_stm32f407xx.o(RESET) refers to stm32f4xx_it.o(i.CAN1_RX0_IRQHandler) for CAN1_RX0_IRQHandler
    startup_stm32f407xx.o(RESET) refers to stm32f4xx_it.o(i.USART3_IRQHandler) for USART3_IRQHandler
    startup_stm32f407xx.o(RESET) refers to stm32f4xx_it.o(i.TIM6_DAC_IRQHandler) for TIM6_DAC_IRQHandler
    startup_stm32f407xx.o(RESET) refers to stm32f4xx_it.o(i.TIM7_IRQHandler) for TIM7_IRQHandler
    startup_stm32f407xx.o(.text) refers to system_stm32f4xx.o(i.SystemInit) for SystemInit
    startup_stm32f407xx.o(.text) refers to entry.o(.ARM.Collect$$$$00000000) for __main
    bsp_can.o(i.CAN_cmd_chassis) refers to stm32f4xx_hal_can.o(i.HAL_CAN_AddTxMessage) for HAL_CAN_AddTxMessage
    bsp_can.o(i.CAN_cmd_chassis) refers to bsp_can.o(.bss) for .bss
    bsp_can.o(i.CAN_cmd_chassis) refers to bsp_can.o(.data) for .data
    bsp_can.o(i.CAN_cmd_chassis) refers to can.o(.bss) for hcan1
    bsp_can.o(i.CAN_cmd_chassis_reset_ID) refers to stm32f4xx_hal_can.o(i.HAL_CAN_AddTxMessage) for HAL_CAN_AddTxMessage
    bsp_can.o(i.CAN_cmd_chassis_reset_ID) refers to bsp_can.o(.bss) for .bss
    bsp_can.o(i.CAN_cmd_chassis_reset_ID) refers to bsp_can.o(.data) for .data
    bsp_can.o(i.CAN_cmd_chassis_reset_ID) refers to can.o(.bss) for hcan1
    bsp_can.o(i.HAL_CAN_RxFifo0MsgPendingCallback) refers to stm32f4xx_hal_can.o(i.HAL_CAN_GetRxMessage) for HAL_CAN_GetRxMessage
    bsp_can.o(i.HAL_CAN_RxFifo0MsgPendingCallback) refers to stm32f4xx_hal_can.o(i.HAL_CAN_ActivateNotification) for HAL_CAN_ActivateNotification
    bsp_can.o(i.HAL_CAN_RxFifo0MsgPendingCallback) refers to bsp_can.o(.data) for .data
    bsp_can.o(i.HAL_CAN_RxFifo0MsgPendingCallback) refers to bsp_can.o(.bss) for .bss
    bsp_can.o(i.HAL_CAN_RxFifo0MsgPendingCallback) refers to can.o(.bss) for hcan1
    bsp_can.o(i.can_filter_init) refers to stm32f4xx_hal_can.o(i.HAL_CAN_ConfigFilter) for HAL_CAN_ConfigFilter
    bsp_can.o(i.can_filter_init) refers to stm32f4xx_hal_can.o(i.HAL_CAN_Start) for HAL_CAN_Start
    bsp_can.o(i.can_filter_init) refers to stm32f4xx_hal_can.o(i.HAL_CAN_ActivateNotification) for HAL_CAN_ActivateNotification
    bsp_can.o(i.can_filter_init) refers to can.o(.bss) for hcan1
    bsp_can.o(i.get_chassis_motor_measure_point) refers to bsp_can.o(.bss) for .bss
    chassis.o(i.chassis_control_loop) refers to bsp_can.o(i.CAN_cmd_chassis) for CAN_cmd_chassis
    chassis.o(i.chassis_control_loop) refers to chassis.o(.bss) for .bss
    chassis.o(i.chassis_control_loop) refers to bsp_can.o(.bss) for motor_data
    chassis.o(i.chassis_init) refers to pid.o(i.pid_init) for pid_init
    chassis.o(i.chassis_init) refers to chassis.o(.bss) for .bss
    chassis.o(i.chassis_state_update) refers to bsp_can.o(i.get_chassis_motor_measure_point) for get_chassis_motor_measure_point
    chassis.o(i.chassis_state_update) refers to bsp_can.o(.bss) for motor_data
    chassis.o(i.compute_pid) refers to bsp_can.o(i.get_chassis_motor_measure_point) for get_chassis_motor_measure_point
    chassis.o(i.compute_pid) refers to bsp_can.o(.bss) for motor_data
    chassis.o(i.compute_pid) refers to chassis.o(.bss) for .bss
    chassis.o(i.send_can) refers to bsp_can.o(i.CAN_cmd_chassis) for CAN_cmd_chassis
    chassis.o(i.send_can) refers to chassis.o(.bss) for .bss
    friction.o(i.FRICTION_InitMotor) refers to memseta.o(.text) for __aeabi_memclr4
    friction.o(i.FRICTION_InitMotor) refers to memcpya.o(.text) for __aeabi_memcpy4
    friction.o(i.FRICTION_InitMotor) refers to friction.o(.bss) for .bss
    pick.o(i.PICK_InitMotor) refers to main.o(i.assert_failed) for assert_failed
[...]
    i.TIM_ETR_SetConfig                      0x08005d48   Section        0  stm32f4xx_hal_tim.o(i.TIM_ETR_SetConfig)
    i.TIM_ITRx_SetConfig                     0x08005d5c   Section        0  stm32f4xx_hal_tim.o(i.TIM_ITRx_SetConfig)
    TIM_ITRx_SetConfig                       0x08005d5d   Thumb Code    16  stm32f4xx_hal_tim.o(i.TIM_ITRx_SetConfig)
    i.TIM_OC1_SetConfig                      0x08005d6c   Section        0  stm32f4xx_hal_tim.o(i.TIM_OC1_SetConfig)
    TIM_OC1_SetConfig                        0x08005d6d   Thumb Code   162  stm32f4xx_hal_tim.o(i.TIM_OC1_SetConfig)
    i.TIM_OC2_SetConfig                      0x08005e50   Section        0  stm32f4xx_hal_tim.o(i.TIM_OC2_SetConfig)
    i.TIM_OC3_SetConfig                      0x08005f3c   Section        0  stm32f4xx_hal_tim.o(i.TIM_OC3_SetConfig)
    TIM_OC3_SetConfig                        0x08005f3d   Thumb Code   170  stm32f4xx_hal_tim.o(i.TIM_OC3_SetConfig)
    i.TIM_OC4_SetConfig                      0x08006028   Section        0  stm32f4xx_hal_tim.o(i.TIM_OC4_SetConfig)
    TIM_OC4_SetConfig                        0x08006029   Thumb Code   100  stm32f4xx_hal_tim.o(i.TIM_OC4_SetConfig)
    i.TIM_SlaveTimer_SetConfig               0x080060cc   Section        0  stm32f4xx_hal_tim.o(i.TIM_SlaveTimer_SetConfig)
    TIM_SlaveTimer_SetConfig                 0x080060cd   Thumb Code   628  stm32f4xx_hal_tim.o(i.TIM_SlaveTimer_SetConfig)
    i.TIM_TI1_ConfigInputStage               0x080063a4   Section        0  stm32f4xx_hal_tim.o(i.TIM_TI1_ConfigInputStage)
    TIM_TI1_ConfigInputStage                 0x080063a5   Thumb Code    34  stm32f4xx_hal_tim.o(i.TIM_TI1_ConfigInputStage)
    i.TIM_TI1_SetConfig                      0x080063c8   Section        0  stm32f4xx_hal_tim.o(i.TIM_TI1_SetConfig)
    i.TIM_TI2_ConfigInputStage               0x08006448   Section        0  stm32f4xx_hal_tim.o(i.TIM_TI2_ConfigInputStage)
    TIM_TI2_ConfigInputStage                 0x08006449   Thumb Code    36  stm32f4xx_hal_tim.o(i.TIM_TI2_ConfigInputStage)
    i.TIM_TI2_SetConfig                      0x0800646c   Section        0  stm32f4xx_hal_tim.o(i.TIM_TI2_SetConfig)
    TIM_TI2_SetConfig                        0x0800646d   Thumb Code    54  stm32f4xx_hal_tim.o(i.TIM_TI2_SetConfig)
    i.UART_DMAAbortOnError                   0x080064a2   Section        0  stm32f4xx_hal_uart.o(i.UART_DMAAbortOnError)
    UART_DMAAbortOnError                     0x080064a3   Thumb Code    16  stm32f4xx_hal_uart.o(i.UART_DMAAbortOnError)
    i.UART_DMAError                          0x080064b2   Section        0  stm32f4xx_hal_uart.o(i.UART_DMAError)
    UART_DMAError                            0x080064b3   Thumb Code    74  stm32f4xx_hal_uart.o(i.UART_DMAError)
    i.UART_DMAReceiveCplt                    0x080064fc   Section        0  stm32f4xx_hal_uart.o(i.UART_DMAReceiveCplt)
    UART_DMAReceiveCplt                      0x080064fd   Thumb Code   130  stm32f4xx_hal_uart.o(i.UART_DMAReceiveCplt)
    i.UART_DMARxHalfCplt                     0x0800657e   Section        0  stm32f4xx_hal_uart.o(i.UART_DMARxHalfCplt)
    UART_DMARxHalfCplt                       0x0800657f   Thumb Code    26  stm32f4xx_hal_uart.o(i.UART_DMARxHalfCplt)
    i.UART_EndRxTransfer                     0x08006598   Section        0  stm32f4xx_hal_uart.o(i.UART_EndRxTransfer)
    UART_EndRxTransfer                       0x08006599   Thumb Code    78  stm32f4xx_hal_uart.o(i.UART_EndRxTransfer)
    i.UART_EndTxTransfer                     0x080065e6   Section        0  stm32f4xx_hal_uart.o(i.UART_EndTxTransfer)
    UART_EndTxTransfer                       0x080065e7   Thumb Code    28  stm32f4xx_hal_uart.o(i.UART_EndTxTransfer)
    i.UART_Receive_IT                        0x08006602   Section        0  stm32f4xx_hal_uart.o(i.UART_Receive_IT)
    UART_Receive_IT                          0x08006603   Thumb Code   192  stm32f4xx_hal_uart.o(i.UART_Receive_IT)
    i.UART_SetConfig                         0x080066c4   Section        0  stm32f4xx_hal_uart.o(i.UART_SetConfig)
    UART_SetConfig                           0x080066c5   Thumb Code   344  stm32f4xx_hal_uart.o(i.UART_SetConfig)
    i.UART_Start_Receive_DMA                 0x08006864   Section        0  stm32f4xx_hal_uart.o(i.UART_Start_Receive_DMA)
    i.USART3_IRQHandler                      0x080068f8   Section        0  stm32f4xx_it.o(i.USART3_IRQHandler)
    i.UsageFault_Handler                     0x08006944   Section        0  stm32f4xx_it.o(i.UsageFault_Handler)
    i.__NVIC_SetPriority                     0x08006946   Section        0  stm32f4xx_hal_cortex.o(i.__NVIC_SetPriority)
    __NVIC_SetPriority                       0x08006947   Thumb Code    32  stm32f4xx_hal_cortex.o(i.__NVIC_SetPriority)
    i.__hardfp_sqrt                          0x08006966   Section        0  sqrt.o(i.__hardfp_sqrt)
    i.__scatterload_copy                     0x080069e0   Section       14  handlers.o(i.__scatterload_copy)
    i.__scatterload_null                     0x080069ee   Section        2  handlers.o(i.__scatterload_null)
    i.__scatterload_zeroinit                 0x080069f0   Section       14  handlers.o(i.__scatterload_zeroinit)
    i.__set_errno                            0x08006a00   Section        0  errno.o(i.__set_errno)
    i.assert_failed                          0x08006a0c   Section        0  main.o(i.assert_failed)
    i.can_filter_init                        0x08006a10   Section        0  bsp_can.o(i.can_filter_init)
    i.chassis_control_loop                   0x08006a48   Section        0  chassis.o(i.chassis_control_loop)
    i.chassis_init                           0x08006b14   Section        0  chassis.o(i.chassis_init)
    i.chassis_state_update                   0x08006b88   Section        0  chassis.o(i.chassis_state_update)
    i.chassis_vector_to_mecanum_wheel_speed  0x08006bb4   Section        0  chassis.o(i.chassis_vector_to_mecanum_wheel_speed)
    i.filter_array                           0x08006bec   Section        0  freertos.o(i.filter_array)
    i.get_chassis_motor_measure_point        0x08006c30   Section        0  bsp_can.o(i.get_chassis_motor_measure_point)
    i.main                                   0x08006c44   Section        0  main.o(i.main)
    i.makeFreeRtosPriority                   0x08006ea4   Section        0  cmsis_os.o(i.makeFreeRtosPriority)
    makeFreeRtosPriority                     0x08006ea5   Thumb Code    12  cmsis_os.o(i.makeFreeRtosPriority)
    i.map_fire                               0x08006eb0   Section        0  freertos.o(i.map_fire)
    i.map_value                              0x08006ee2   Section        0  freertos.o(i.map_value)
    i.my_abs                                 0x08006f02   Section        0  freertos.o(i.my_abs)
    i.osDelay                                0x08006f2e   Section        0  cmsis_os.o(i.osDelay)
    i.osKernelStart                          0x08006f3c   Section        0  cmsis_os.o(i.osKernelStart)
    i.osThreadCreate                         0x08006f46   Section        0  cmsis_os.o(i.osThreadCreate)
    i.pid_calculate                          0x08006f9c   Section        0  pid.o(i.pid_calculate)
    pid_calculate                            0x08006f9d   Thumb Code   228  pid.o(i.pid_calculate)
    i.pid_init                               0x08007084   Section        0  pid.o(i.pid_init)
    i.pid_param_init                         0x080070a0   Section        0  pid.o(i.pid_param_init)
    pid_param_init                           0x080070a1   Thumb Code    82  pid.o(i.pid_param_init)
    i.pid_pitch_control                      0x080070f8   Section        0  pitch_init.o(i.pid_pitch_control)
    i.pid_reset                              0x08007268   Section        0  pid.o(i.pid_reset)
    pid_reset                                0x08007269   Thumb Code     8  pid.o(i.pid_reset)
    i.pitch_init                             0x08007270   Section        0  pitch_init.o(i.pitch_init)
    i.prvAddCurrentTaskToDelayedList         0x080072b8   Section        0  tasks.o(i.prvAddCurrentTaskToDelayedList)
    prvAddCurrentTaskToDelayedList           0x080072b9   Thumb Code   102  tasks.o(i.prvAddCurrentTaskToDelayedList)
    i.prvAddNewTaskToReadyList               0x08007328   Section        0  tasks.o(i.prvAddNewTaskToReadyList)
    prvAddNewTaskToReadyList                 0x08007329   Thumb Code   194  tasks.o(i.prvAddNewTaskToReadyList)
    i.prvDeleteTCB                           0x080073f8   Section        0  tasks.o(i.prvDeleteTCB)
    prvDeleteTCB                             0x080073f9   Thumb Code    52  tasks.o(i.prvDeleteTCB)
    i.prvHeapInit                            0x0800742c   Section        0  heap_4.o(i.prvHeapInit)
    prvHeapInit                              0x0800742d   Thumb Code    66  heap_4.o(i.prvHeapInit)
    i.prvIdleTask                            0x08007478   Section        0  tasks.o(i.prvIdleTask)
    prvIdleTask                              0x08007479   Thumb Code    82  tasks.o(i.prvIdleTask)
    i.prvInitialiseNewTask                   0x080074d8   Section        0  tasks.o(i.prvInitialiseNewTask)
    prvInitialiseNewTask                     0x080074d9   Thumb Code   152  tasks.o(i.prvInitialiseNewTask)
    i.prvInsertBlockIntoFreeList             0x08007570   Section        0  heap_4.o(i.prvInsertBlockIntoFreeList)
    prvInsertBlockIntoFreeList               0x08007571   Thumb Code    72  heap_4.o(i.prvInsertBlockIntoFreeList)
    i.prvResetNextTaskUnblockTime            0x080075bc   Section        0  tasks.o(i.prvResetNextTaskUnblockTime)
    prvResetNextTaskUnblockTime              0x080075bd   Thumb Code    26  tasks.o(i.prvResetNextTaskUnblockTime)
    i.prvTaskExitError                       0x080075dc   Section        0  port.o(i.prvTaskExitError)
    prvTaskExitError                         0x080075dd   Thumb Code    36  port.o(i.prvTaskExitError)
    i.pvPortMalloc                           0x08007604   Section        0  heap_4.o(i.pvPortMalloc)
    i.pxPortInitialiseStack                  0x080076e0   Section        0  port.o(i.pxPortInitialiseStack)
    i.uxListRemove                           0x0800770c   Section        0  list.o(i.uxListRemove)
    i.vApplicationGetIdleTaskMemory          0x08007734   Section        0  freertos.o(i.vApplicationGetIdleTaskMemory)
    i.vListInitialise                        0x08007748   Section        0  list.o(i.vListInitialise)
    i.vListInitialiseItem                    0x0800775e   Section        0  list.o(i.vListInitialiseItem)
    i.vListInsert                            0x08007764   Section        0  list.o(i.vListInsert)
    i.vListInsertEnd                         0x08007794   Section        0  list.o(i.vListInsertEnd)
    i.vPortEnterCritical                     0x080077ac   Section        0  port.o(i.vPortEnterCritical)
    i.vPortExitCritical                      0x080077ec   Section        0  port.o(i.vPortExitCritical)
    i.vPortFree                              0x08007814   Section        0  heap_4.o(i.vPortFree)
    i.vPortSetupTimerInterrupt               0x08007878   Section        0  port.o(i.vPortSetupTimerInterrupt)
    i.vTaskDelay                             0x0800789c   Section        0  tasks.o(i.vTaskDelay)
    i.vTaskStartScheduler                    0x080078e8   Section        0  tasks.o(i.vTaskStartScheduler)
    i.vTaskSuspendAll                        0x08007954   Section        0  tasks.o(i.vTaskSuspendAll)
    i.vTaskSwitchContext                     0x08007964   Section        0  tasks.o(i.vTaskSwitchContext)
    i.xPortStartScheduler                    0x080079c0   Section        0  port.o(i.xPortStartScheduler)
    i.xTaskCreate                            0x08007ab4   Section        0  tasks.o(i.xTaskCreate)
    i.xTaskCreateStatic                      0x08007b0e   Section        0  tasks.o(i.xTaskCreateStatic)
    i.xTaskIncrementTick                     0x08007b64   Section        0  tasks.o(i.xTaskIncrementTick)
    i.xTaskResumeAll                         0x08007c30   Section        0  tasks.o(i.xTaskResumeAll)
    .constdata                               0x08007cf4   Section      112  freertos.o(.constdata)
    .constdata                               0x08007d64   Section        8  stm32f4xx_hal_dma.o(.constdata)
    flagBitshiftOffset                       0x08007d64   Data           8  stm32f4xx_hal_dma.o(.constdata)
    .constdata                               0x08007d6c   Section       16  system_stm32f4xx.o(.constdata)
    .constdata                               0x08007d7c   Section        8  system_stm32f4xx.o(.constdata)
    .conststring                             0x08007d84   Section       48  freertos.o(.conststring)
    .data                                    0x20000000   Section        9  bsp_can.o(.data)
    i                                        0x20000000   Data           1  bsp_can.o(.data)
    chassis_can_send_data                    0x20000001   Data           8  bsp_can.o(.data)
    .data                                    0x2000000c   Section        4  chassis.o(.data)
    .data                                    0x20000010   Section        4  chassis.o(.data)
    .data                                    0x20000014   Section        4  chassis.o(.data)
    .data                                    0x20000018   Section        4  pitch.o(.data)
    .data                                    0x2000001c   Section       12  main.o(.data)
    .data                                    0x20000028   Section       88  freertos.o(.data)
    .data                                    0x20000080   Section       12  stm32f4xx_hal.o(.data)
    .data                                    0x2000008c   Section        4  system_stm32f4xx.o(.data)
    .data                                    0x20000090   Section       60  tasks.o(.data)
    uxDeletedTasksWaitingCleanUp             0x20000094   Data           4  tasks.o(.data)
    uxCurrentNumberOfTasks                   0x20000098   Data           4  tasks.o(.data)
    xTickCount                               0x2000009c   Data           4  tasks.o(.data)
    uxTopReadyPriority                       0x200000a0   Data           4  tasks.o(.data)
    xSchedulerRunning                        0x200000a4   Data           4  tasks.o(.data)
    xPendedTicks                             0x200000a8   Data           4  tasks.o(.data)
    xYieldPending                            0x200000ac   Data           4  tasks.o(.data)
    xNumOfOverflows                          0x200000b0   Data           4  tasks.o(.data)
    uxTaskNumber                             0x200000b4   Data           4  tasks.o(.data)
    xNextTaskUnblockTime                     0x200000b8   Data           4  tasks.o(.data)
    xIdleTaskHandle                          0x200000bc   Data           4  tasks.o(.data)
    uxSchedulerSuspended                     0x200000c0   Data           4  tasks.o(.data)
    pxDelayedTaskList                        0x200000c4   Data           4  tasks.o(.data)
    pxOverflowDelayedTaskList                0x200000c8   Data           4  tasks.o(.data)
    .data                                    0x200000cc   Section       32  heap_4.o(.data)
    pxEnd                                    0x200000cc   Data           4  heap_4.o(.data)
    xFreeBytesRemaining                      0x200000d0   Data           4  heap_4.o(.data)
    xMinimumEverFreeBytesRemaining           0x200000d4   Data           4  heap_4.o(.data)
    xNumberOfSuccessfulAllocations           0x200000d8   Data           4  heap_4.o(.data)
    xNumberOfSuccessfulFrees                 0x200000dc   Data           4  heap_4.o(.data)
    xBlockAllocatedBit                       0x200000e0   Data           4  heap_4.o(.data)
    xStart                                   0x200000e4   Data           8  heap_4.o(.data)
    .data                                    0x200000ec   Section       12  port.o(.data)
    ucMaxSysCallPriority                     0x200000ec   Data           1  port.o(.data)
    uxCriticalNesting                        0x200000f0   Data           4  port.o(.data)
    ulMaxPRIGROUPValue                       0x200000f4   Data           4  port.o(.data)
    .data                                    0x200000f8   Section        4  errno.o(.data)
    _errno                                   0x200000f8   Data           4  errno.o(.data)
    .bss                                     0x200000fc   Section       96  bsp_can.o(.bss)
    motor_chassis                            0x200000fc   Data          70  bsp_can.o(.bss)
    chassis_tx_message                       0x20000144   Data          24  bsp_can.o(.bss)
    .bss                                     0x2000015c   Section       16  bsp_can.o(.bss)
    .bss                                     0x2000016c   Section       16  chassis.o(.bss)
    .bss                                     0x2000017c   Section      416  chassis.o(.bss)
    .bss                                     0x2000031c   Section       40  friction.o(.bss)
    .bss                                     0x20000344   Section       60  pick.o(.bss)
    .bss                                     0x20000380   Section       60  pitch.o(.bss)
    .bss                                     0x200003bc   Section      104  pitch_init.o(.bss)
    .bss                                     0x20000424   Section      596  freertos.o(.bss)
    xIdleTaskTCBBuffer                       0x20000424   Data          84  freertos.o(.bss)
    xIdleStack                               0x20000478   Data         512  freertos.o(.bss)
    .bss                                     0x20000678   Section       40  can.o(.bss)
    .bss                                     0x200006a0   Section       12  iwdg.o(.bss)
    .bss                                     0x200006ac   Section      504  tim.o(.bss)
    .bss                                     0x200008a4   Section      164  usart.o(.bss)
    .bss                                     0x20000948   Section       72  stm32f4xx_hal_timebase_tim.o(.bss)
    .bss                                     0x20000990   Section      240  tasks.o(.bss)
    pxReadyTasksLists                        0x20000990   Data         140  tasks.o(.bss)
    xDelayedTaskList1                        0x20000a1c   Data          20  tasks.o(.bss)
    xDelayedTaskList2                        0x20000a30   Data          20  tasks.o(.bss)
    xPendingReadyList                        0x20000a44   Data          20  tasks.o(.bss)
    xTasksWaitingTermination                 0x20000a58   Data          20  tasks.o(.bss)
    xSuspendedTaskList                       0x20000a6c   Data          20  tasks.o(.bss)
    .bss                                     0x20000a80   Section    15360  heap_4.o(.bss)
    ucHeap                                   0x20000a80   Data       15360  heap_4.o(.bss)
    STACK                                    0x20004680   Section     1024  startup_stm32f407xx.o(STACK)

    Global Symbols

    Symbol Name                              Value     Ov Type        Size  Object(Section)

    BuildAttributes$$THM_ISAv4$E$P$D$K$B$S$7EM$VFPi3$EXTD16$VFPS$VFMA$PE$A:L22UL41UL21$X:L11$S22US41US21$IEEE1$IW$USESV6$~STKCKD$USESV7$~SHL$OTIME$ROPI$IEEEJ$EBA8$MICROLIB$REQ8$PRES8$EABIv2 0x00000000   Number         0  anon$$obj.o ABSOLUTE
    __ARM_use_no_argv                        0x00000000   Number         0  main.o ABSOLUTE
    __arm_fini_                               - Undefined Weak Reference
    __cpp_initialize__aeabi_                  - Undefined Weak Reference
    __cxa_finalize                            - Undefined Weak Reference
    __decompress                              - Undefined Weak Reference
    _clock_init                               - Undefined Weak Reference
    _microlib_exit                            - Undefined Weak Reference
    __Vectors_Size                           0x00000188   Number         0  startup_stm32f407xx.o ABSOLUTE
    __Vectors                                0x08000000   Data           4  startup_stm32f407xx.o(RESET)
    __Vectors_End                            0x08000188   Data           0  startup_stm32f407xx.o(RESET)
    __main                                   0x08000189   Thumb Code     0  entry.o(.ARM.Collect$$$$00000000)
    _main_stk                                0x08000189   Thumb Code     0  entry2.o(.ARM.Collect$$$$00000001)
    _main_scatterload                        0x0800018d   Thumb Code     0  entry5.o(.ARM.Collect$$$$00000004)
    __main_after_scatterload                 0x08000191   Thumb Code     0  entry5.o(.ARM.Collect$$$$00000004)
    _main_clock                              0x08000191   Thumb Code     0  entry7b.o(.ARM.Collect$$$$00000008)
    _main_cpp_init                           0x08000191   Thumb Code     0  entry8b.o(.ARM.Collect$$$$0000000A)
    _main_init                               0x08000191   Thumb Code     0  entry9a.o(.ARM.Collect$$$$0000000B)
    __rt_lib_shutdown_fini                   0x08000199   Thumb Code     0  entry12b.o(.ARM.Collect$$$$0000000E)
    __rt_final_cpp                           0x0800019d   Thumb Code     0  entry10a.o(.ARM.Collect$$$$0000000F)
    __rt_final_exit                          0x0800019d   Thumb Code     0  entry11a.o(.ARM.Collect$$$$00000011)
    SVC_Handler                              0x080001a1   Thumb Code    28  port.o(.emb_text)
    __asm___6_port_c_39a90d8d__prvStartFirstTask 0x080001c1   Thumb Code    36  port.o(.emb_text)
    __asm___6_port_c_39a90d8d__prvEnableVFP  0x080001e9   Thumb Code    16  port.o(.emb_text)
    PendSV_Handler                           0x080001fd   Thumb Code    88  port.o(.emb_text)
    vPortGetIPSR                             0x08000259   Thumb Code     6  port.o(.emb_text)
    Reset_Handler                            0x08000261   Thumb Code     8  startup_stm32f407xx.o(.text)
    ADC_IRQHandler                           0x0800027b   Thumb Code     0  startup_stm32f407xx.o(.text)
    CAN1_RX1_IRQHandler                      0x0800027b   Thumb Code     0  startup_stm32f407xx.o(.text)
    CAN1_SCE_IRQHandler                      0x0800027b   Thumb Code     0  startup_stm32f407xx.o(.text)
    CAN2_RX0_IRQHandler                      0x0800027b   Thumb Code     0  startup_stm32f407xx.o(.text)
    CAN2_RX1_IRQHandler                      0x0800027b   Thumb Code     0  startup_stm32f407xx.o(.text)
    CAN2_SCE_IRQHandler                      0x0800027b   Thumb Code     0  startup_stm32f407xx.o(.text)
    CAN2_TX_IRQHandler                       0x0800027b   Thumb Code     0  startup_stm32f407xx.o(.text)
    DCMI_IRQHandler                          0x0800027b   Thumb Code     0  startup_stm32f407xx.o(.text)
    DMA1_Stream0_IRQHandler                  0x0800027b   Thumb Code     0  startup_stm32f407xx.o(.text)
    DMA1_Stream2_IRQHandler                  0x0800027b   Thumb Code     0  startup_stm32f407xx.o(.text)
    DMA1_Stream3_IRQHandler                  0x0800027b   Thumb Code     0  startup_stm32f407xx.o(.text)
    DMA1_Stream4_IRQHandler                  0x0800027b   Thumb Code     0  startup_stm32f407xx.o(.text)
    DMA1_Stream5_IRQHandler                  0x0800027b   Thumb Code     0  startup_stm32f407xx.o(.text)
    DMA1_Stream6_IRQHandler                  0x0800027b   Thumb Code     0  startup_stm32f407xx.o(.text)
    DMA1_Stream7_IRQHandler                  0x0800027b   Thumb Code     0  startup_stm32f407xx.o(.text)
    DMA2_Stream0_IRQHandler                  0x0800027b   Thumb Code     0  startup_stm32f407xx.o(.text)
    DMA2_Stream1_IRQHandler                  0x0800027b   Thumb Code     0  startup_stm32f407xx.o(.text)
    DMA2_Stream2_IRQHandler                  0x0800027b   Thumb Code     0  startup_stm32f407xx.o(.text)
    DMA2_Stream3_IRQHandler                  0x0800027b   Thumb Code     0  startup_stm32f407xx.o(.text)
    DMA2_Stream4_IRQHandler                  0x0800027b   Thumb Code     0  startup_stm32f407xx.o(.text)
    DMA2_Stream5_IRQHandler                  0x0800027b   Thumb Code     0  startup_stm32f407xx.o(.text)
    DMA2_Stream6_IRQHandler                  0x0800027b   Thumb Code     0  startup_stm32f407xx.o(.text)
    DMA2_Stream7_IRQHandler                  0x0800027b   Thumb Code     0  startup_stm32f407xx.o(.text)
    ETH_IRQHandler                           0x0800027b   Thumb Code     0  startup_stm32f407xx.o(.text)
    ETH_WKUP_IRQHandler                      0x0800027b   Thumb Code     0  startup_stm32f407xx.o(.text)
    EXTI0_IRQHandler                         0x0800027b   Thumb Code     0  startup_stm32f407xx.o(.text)
    EXTI15_10_IRQHandler                     0x0800027b   Thumb Code     0  startup_stm32f407xx.o(.text)
    EXTI1_IRQHandler                         0x0800027b   Thumb Code     0  startup_stm32f407xx.o(.text)
    EXTI2_IRQHandler                         0x0800027b   Thumb Code     0  startup_stm32f407xx.o(.text)
    EXTI3_IRQHandler                         0x0800027b   Thumb Code     0  startup_stm32f407xx.o(.text)
    EXTI4_IRQHandler                         0x0800027b   Thumb Code     0  startup_stm32f407xx.o(.text)
    EXTI9_5_IRQHandler                       0x0800027b   Thumb Code     0  startup_stm32f407xx.o(.text)
    FLASH_IRQHandler                         0x0800027b   Thumb Code     0  startup_stm32f407xx.o(.text)
    FMC_IRQHandler                           0x0800027b   Thumb Code     0  startup_stm32f407xx.o(.text)
    FPU_IRQHandler                           0x0800027b   Thumb Code     0  startup_stm32f407xx.o(.text)
    HASH_RNG_IRQHandler                      0x0800027b   Thumb Code     0  startup_stm32f407xx.o(.text)
    I2C1_ER_IRQHandler                       0x0800027b   Thumb Code     0  startup_stm32f407xx.o(.text)
    I2C1_EV_IRQHandler                       0x0800027b   Thumb Code     0  startup_stm32f407xx.o(.text)
    I2C2_ER_IRQHandler                       0x0800027b   Thumb Code     0  startup_stm32f407xx.o(.text)
    I2C2_EV_IRQHandler                       0x0800027b   Thumb Code     0  startup_stm32f407xx.o(.text)
    I2C3_ER_IRQHandler                       0x0800027b   Thumb Code     0  startup_stm32f407xx.o(.text)
    I2C3_EV_IRQHandler                       0x0800027b   Thumb Code     0  startup_stm32f407xx.o(.text)
    OTG_FS_IRQHandler                        0x0800027b   Thumb Code     0  startup_stm32f407xx.o(.text)
    OTG_FS_WKUP_IRQHandler                   0x0800027b   Thumb Code     0  startup_stm32f407xx.o(.text)
    OTG_HS_EP1_IN_IRQHandler                 0x0800027b   Thumb Code     0  startup_stm32f407xx.o(.text)
    OTG_HS_EP1_OUT_IRQHandler                0x0800027b   Thumb Code     0  startup_stm32f407xx.o(.text)
    OTG_HS_IRQHandler                        0x0800027b   Thumb Code     0  startup_stm32f407xx.o(.text)
    OTG_HS_WKUP_IRQHandler                   0x0800027b   Thumb Code     0  startup_stm32f407xx.o(.text)
    PVD_IRQHandler                           0x0800027b   Thumb Code     0  startup_stm32f407xx.o(.text)
    RCC_IRQHandler                           0x0800027b   Thumb Code     0  startup_stm32f407xx.o(.text)
    RTC_Alarm_IRQHandler                     0x0800027b   Thumb Code     0  startup_stm32f407xx.o(.text)
    RTC_WKUP_IRQHandler                      0x0800027b   Thumb Code     0  startup_stm32f407xx.o(.text)
    SDIO_IRQHandler                          0x0800027b   Thumb Code     0  startup_stm32f407xx.o(.text)
    SPI1_IRQHandler                          0x0800027b   Thumb Code     0  startup_stm32f407xx.o(.text)
    SPI2_IRQHandler                          0x0800027b   Thumb Code     0  startup_stm32f407xx.o(.text)
    SPI3_IRQHandler                          0x0800027b   Thumb Code     0  startup_stm32f407xx.o(.text)
    TAMP_STAMP_IRQHandler                    0x0800027b   Thumb Code     0  startup_stm32f407xx.o(.text)
    TIM1_BRK_TIM9_IRQHandler                 0x0800027b   Thumb Code     0  startup_stm32f407xx.o(.text)
    TIM1_CC_IRQHandler                       0x0800027b   Thumb Code     0  startup_stm32f407xx.o(.text)
    TIM1_TRG_COM_TIM11_IRQHandler            0x0800027b   Thumb Code     0  startup_stm32f407xx.o(.text)
    TIM1_UP_TIM10_IRQHandler                 0x0800027b   Thumb Code     0  startup_stm32f407xx.o(.text)
    TIM2_IRQHandler                          0x0800027b   Thumb Code     0  startup_stm32f407xx.o(.text)
    TIM3_IRQHandler                          0x0800027b   Thumb Code     0  startup_stm32f407xx.o(.text)
    TIM4_IRQHandler                          0x0800027b   Thumb Code     0  startup_stm32f407xx.o(.text)
    TIM5_IRQHandler                          0x0800027b   Thumb Code     0  startup_stm32f407xx.o(.text)
    TIM8_BRK_TIM12_IRQHandler                0x0800027b   Thumb Code     0  startup_stm32f407xx.o(.text)
    TIM8_CC_IRQHandler                       0x0800027b   Thumb Code     0  startup_stm32f407xx.o(.text)
    TIM8_TRG_COM_TIM14_IRQHandler            0x0800027b   Thumb Code     0  startup_stm32f407xx.o(.text)
    TIM8_UP_TIM13_IRQHandler                 0x0800027b   Thumb Code     0  startup_stm32f407xx.o(.text)
    UART4_IRQHandler                         0x0800027b   Thumb Code     0  startup_stm32f407xx.o(.text)
    UART5_IRQHandler                         0x0800027b   Thumb Code     0  startup_stm32f407xx.o(.text)
    USART1_IRQHandler                        0x0800027b   Thumb Code     0  startup_stm32f407xx.o(.text)
    USART2_IRQHandler                        0x0800027b   Thumb Code     0  startup_stm32f407xx.o(.text)
    USART6_IRQHandler                        0x0800027b   Thumb Code     0  startup_stm32f407xx.o(.text)
    WWDG_IRQHandler                          0x0800027b   Thumb Code     0  startup_stm32f407xx.o(.text)
    __aeabi_uldivmod                         0x08000285   Thumb Code    98  uldiv.o(.text)
    __aeabi_memcpy                           0x080002e7   Thumb Code    36  memcpya.o(.text)
    __aeabi_memcpy4                          0x080002e7   Thumb Code     0  memcpya.o(.text)
    __aeabi_memcpy8                          0x080002e7   Thumb Code     0  memcpya.o(.text)
    __aeabi_memset                           0x0800030b   Thumb Code    14  memseta.o(.text)
    __aeabi_memset4                          0x0800030b   Thumb Code     0  memseta.o(.text)
    __aeabi_memset8                          0x0800030b   Thumb Code     0  memseta.o(.text)
    __aeabi_memclr                           0x08000319   Thumb Code     4  memseta.o(.text)
    __aeabi_memclr4                          0x08000319   Thumb Code     0  memseta.o(.text)
    __aeabi_memclr8                          0x08000319   Thumb Code     0  memseta.o(.text)
    memset                                   0x0800031d   Thumb Code    18  memseta.o(.text)
    __aeabi_fadd                             0x0800032f   Thumb Code   164  fadd.o(.text)
    __aeabi_fsub                             0x080003d3   Thumb Code     6  fadd.o(.text)
    __aeabi_frsub                            0x080003d9   Thumb Code     6  fadd.o(.text)
    __aeabi_fmul                             0x080003df   Thumb Code   100  fmul.o(.text)
    __aeabi_dmul                             0x08000443   Thumb Code   228  dmul.o(.text)
    __aeabi_ddiv                             0x08000527   Thumb Code   222  ddiv.o(.text)
    __aeabi_i2d                              0x08000605   Thumb Code    34  dflti.o(.text)
    __aeabi_d2iz                             0x08000627   Thumb Code    62  dfixi.o(.text)
    __aeabi_d2f                              0x08000665   Thumb Code    56  d2f.o(.text)
    __aeabi_llsl                             0x0800069d   Thumb Code    30  llshl.o(.text)
    _ll_shift_l                              0x0800069d   Thumb Code     0  llshl.o(.text)
    __aeabi_llsr                             0x080006bb   Thumb Code    32  llushr.o(.text)
    _ll_ushift_r                             0x080006bb   Thumb Code     0  llushr.o(.text)
    __I$use$fp                               0x080006db   Thumb Code     0  iusefp.o(.text)
    _float_round                             0x080006db   Thumb Code    18  fepilogue.o(.text)
    _float_epilogue                          0x080006ed   Thumb Code    92  fepilogue.o(.text)
    _double_round                            0x08000749   Thumb Code    30  depilogue.o(.text)
    _double_epilogue                         0x08000767   Thumb Code   156  depilogue.o(.text)
    _dsqrt                                   0x08000803   Thumb Code   162  dsqrt.o(.text)
    __scatterload                            0x080008a5   Thumb Code    28  init.o(.text)
    __scatterload_rt2                        0x080008a5   Thumb Code     0  init.o(.text)
    arm_pid_init_f32                         0x080008c9   Thumb Code    68  arm_pid_init_f32.o(.text.arm_pid_init_f32)
    BusFault_Handler                         0x0800090d   Thumb Code     2  stm32f4xx_it.o(i.BusFault_Handler)
    CAN1_RX0_IRQHandler                      0x08000911   Thumb Code     6  stm32f4xx_it.o(i.CAN1_RX0_IRQHandler)
    CAN1_TX_IRQHandler                       0x0800091d   Thumb Code     6  stm32f4xx_it.o(i.CAN1_TX_IRQHandler)
    CAN_cmd_chassis                          0x08000929   Thumb Code    60  bsp_can.o(i.CAN_cmd_chassis)
    DMA1_Stream1_IRQHandler                  0x08000971   Thumb Code     6  stm32f4xx_it.o(i.DMA1_Stream1_IRQHandler)
    DebugMon_Handler                         0x08000a21   Thumb Code     2  stm32f4xx_it.o(i.DebugMon_Handler)
    Error_Handler                            0x08000a23   Thumb Code     4  main.o(i.Error_Handler)
    FRICTION_InitMotor                       0x08000a29   Thumb Code    54  friction.o(i.FRICTION_InitMotor)
    HAL_CAN_ActivateNotification             0x08000a65   Thumb Code    58  stm32f4xx_hal_can.o(i.HAL_CAN_ActivateNotification)
    HAL_CAN_AddTxMessage                     0x08000add   Thumb Code   346  stm32f4xx_hal_can.o(i.HAL_CAN_AddTxMessage)
    HAL_CAN_ConfigFilter                     0x08000c71   Thumb Code   438  stm32f4xx_hal_can.o(i.HAL_CAN_ConfigFilter)
    HAL_CAN_ErrorCallback                    0x08000e65   Thumb Code    14  can.o(i.HAL_CAN_ErrorCallback)
    HAL_CAN_GetRxMessage                     0x08000e79   Thumb Code   264  stm32f4xx_hal_can.o(i.HAL_CAN_GetRxMessage)
    HAL_CAN_IRQHandler                       0x08000fb9   Thumb Code   508  stm32f4xx_hal_can.o(i.HAL_CAN_IRQHandler)
    HAL_CAN_Init                             0x080011b5   Thumb Code   662  stm32f4xx_hal_can.o(i.HAL_CAN_Init)
    HAL_CAN_MspInit                          0x0800148d   Thumb Code   122  can.o(i.HAL_CAN_MspInit)
    HAL_CAN_RxFifo0FullCallback              0x08001515   Thumb Code     2  stm32f4xx_hal_can.o(i.HAL_CAN_RxFifo0FullCallback)
    HAL_CAN_RxFifo0MsgPendingCallback        0x08001519   Thumb Code    90  bsp_can.o(i.HAL_CAN_RxFifo0MsgPendingCallback)
    HAL_CAN_RxFifo1FullCallback              0x08001581   Thumb Code     2  stm32f4xx_hal_can.o(i.HAL_CAN_RxFifo1FullCallback)
    HAL_CAN_RxFifo1MsgPendingCallback        0x08001583   Thumb Code     2  stm32f4xx_hal_can.o(i.HAL_CAN_RxFifo1MsgPendingCallback)
    HAL_CAN_SleepCallback                    0x08001585   Thumb Code     2  stm32f4xx_hal_can.o(i.HAL_CAN_SleepCallback)
    HAL_CAN_Start                            0x08001589   Thumb Code    88  stm32f4xx_hal_can.o(i.HAL_CAN_Start)
    HAL_CAN_TxMailbox0AbortCallback          0x080015e1   Thumb Code     2  stm32f4xx_hal_can.o(i.HAL_CAN_TxMailbox0AbortCallback)
    HAL_CAN_TxMailbox0CompleteCallback       0x080015e3   Thumb Code     2  stm32f4xx_hal_can.o(i.HAL_CAN_TxMailbox0CompleteCallback)
    HAL_CAN_TxMailbox1AbortCallback          0x080015e5   Thumb Code     2  stm32f4xx_hal_can.o(i.HAL_CAN_TxMailbox1AbortCallback)
    HAL_CAN_TxMailbox1CompleteCallback       0x080015e7   Thumb Code     2  stm32f4xx_hal_can.o(i.HAL_CAN_TxMailbox1CompleteCallback)
    HAL_CAN_TxMailbox2AbortCallback          0x080015e9   Thumb Code     2  stm32f4xx_hal_can.o(i.HAL_CAN_TxMailbox2AbortCallback)
    HAL_CAN_TxMailbox2CompleteCallback       0x080015eb   Thumb Code     2  stm32f4xx_hal_can.o(i.HAL_CAN_TxMailbox2CompleteCallback)
    HAL_CAN_WakeUpFromRxMsgCallback          0x080015ed   Thumb Code     2  stm32f4xx_hal_can.o(i.HAL_CAN_WakeUpFromRxMsgCallback)
    HAL_DMA_Abort                            0x080015ef   Thumb Code   146  stm32f4xx_hal_dma.o(i.HAL_DMA_Abort)
    HAL_DMA_Abort_IT                         0x08001681   Thumb Code    36  stm32f4xx_hal_dma.o(i.HAL_DMA_Abort_IT)
    HAL_DMA_IRQHandler                       0x080016a5   Thumb Code   412  stm32f4xx_hal_dma.o(i.HAL_DMA_IRQHandler)
    HAL_DMA_Init                             0x08001845   Thumb Code   666  stm32f4xx_hal_dma.o(i.HAL_DMA_Init)
    HAL_DMA_Start_IT                         0x08001b25   Thumb Code   142  stm32f4xx_hal_dma.o(i.HAL_DMA_Start_IT)
    HAL_GPIO_Init                            0x08001bed   Thumb Code   654  stm32f4xx_hal_gpio.o(i.HAL_GPIO_Init)
    HAL_GetTick                              0x08001ee9   Thumb Code     6  stm32f4xx_hal.o(i.HAL_GetTick)
    HAL_IWDG_Init                            0x08001ef5   Thumb Code   158  stm32f4xx_hal_iwdg.o(i.HAL_IWDG_Init)
    HAL_IWDG_Refresh                         0x08001fd5   Thumb Code    12  stm32f4xx_hal_iwdg.o(i.HAL_IWDG_Refresh)
    HAL_IncTick                              0x08001fe1   Thumb Code    12  stm32f4xx_hal.o(i.HAL_IncTick)
    HAL_Init                                 0x08001ff1   Thumb Code    48  stm32f4xx_hal.o(i.HAL_Init)
    HAL_InitTick                             0x08002025   Thumb Code   132  stm32f4xx_hal_timebase_tim.o(i.HAL_InitTick)
    HAL_MspInit                              0x080020bd   Thumb Code    52  stm32f4xx_hal_msp.o(i.HAL_MspInit)
    HAL_NVIC_EnableIRQ                       0x080020f5   Thumb Code    40  stm32f4xx_hal_cortex.o(i.HAL_NVIC_EnableIRQ)
    HAL_NVIC_SetPriority                     0x08002159   Thumb Code    94  stm32f4xx_hal_cortex.o(i.HAL_NVIC_SetPriority)
    HAL_NVIC_SetPriorityGrouping             0x080021f9   Thumb Code    58  stm32f4xx_hal_cortex.o(i.HAL_NVIC_SetPriorityGrouping)
    HAL_RCC_CSSCallback                      0x08002279   Thumb Code     2  stm32f4xx_hal_rcc.o(i.HAL_RCC_CSSCallback)
    HAL_RCC_ClockConfig                      0x0800227d   Thumb Code   512  stm32f4xx_hal_rcc.o(i.HAL_RCC_ClockConfig)
    HAL_RCC_EnableCSS                        0x080024c9   Thumb Code     8  stm32f4xx_hal_rcc.o(i.HAL_RCC_EnableCSS)
    HAL_RCC_GetClockConfig                   0x080024d5   Thumb Code    54  stm32f4xx_hal_rcc.o(i.HAL_RCC_GetClockConfig)
    HAL_RCC_GetPCLK1Freq                     0x08002515   Thumb Code    20  stm32f4xx_hal_rcc.o(i.HAL_RCC_GetPCLK1Freq)
    HAL_RCC_GetPCLK2Freq                     0x08002535   Thumb Code    20  stm32f4xx_hal_rcc.o(i.HAL_RCC_GetPCLK2Freq)
    HAL_RCC_GetSysClockFreq                  0x08002555   Thumb Code    88  stm32f4xx_hal_rcc.o(i.HAL_RCC_GetSysClockFreq)
    HAL_RCC_NMI_IRQHandler                   0x080025b5   Thumb Code    24  stm32f4xx_hal_rcc.o(i.HAL_RCC_NMI_IRQHandler)
    HAL_RCC_OscConfig                        0x080025d1   Thumb Code  1192  stm32f4xx_hal_rcc.o(i.HAL_RCC_OscConfig)
    HAL_TIMEx_BreakCallback                  0x08002a79   Thumb Code     2  stm32f4xx_hal_tim_ex.o(i.HAL_TIMEx_BreakCallback)
    HAL_TIMEx_CommutCallback                 0x08002a7b   Thumb Code     2  stm32f4xx_hal_tim_ex.o(i.HAL_TIMEx_CommutCallback)
    HAL_TIMEx_ConfigBreakDeadTime            0x08002a7d   Thumb Code   260  stm32f4xx_hal_tim_ex.o(i.HAL_TIMEx_ConfigBreakDeadTime)
    HAL_TIMEx_MasterConfigSynchronization    0x08002bc5   Thumb Code   242  stm32f4xx_hal_tim_ex.o(i.HAL_TIMEx_MasterConfigSynchronization)
    HAL_TIM_Base_Init                        0x08002d15   Thumb Code   260  stm32f4xx_hal_tim.o(i.HAL_TIM_Base_Init)
    HAL_TIM_Base_MspInit                     0x08002e85   Thumb Code   280  tim.o(i.HAL_TIM_Base_MspInit)
    HAL_TIM_Base_Start_IT                    0x08002fc1   Thumb Code   200  stm32f4xx_hal_tim.o(i.HAL_TIM_Base_Start_IT)
    HAL_TIM_ConfigClockSource                0x080030f1   Thumb Code   930  stm32f4xx_hal_tim.o(i.HAL_TIM_ConfigClockSource)
    HAL_TIM_IC_CaptureCallback               0x08003501   Thumb Code     2  stm32f4xx_hal_tim.o(i.HAL_TIM_IC_CaptureCallback)
    HAL_TIM_IC_ConfigChannel                 0x08003505   Thumb Code   594  stm32f4xx_hal_tim.o(i.HAL_TIM_IC_ConfigChannel)
    HAL_TIM_IC_Init                          0x080037bd   Thumb Code   260  stm32f4xx_hal_tim.o(i.HAL_TIM_IC_Init)
    HAL_TIM_IC_MspInit                       0x0800392d   Thumb Code     2  stm32f4xx_hal_tim.o(i.HAL_TIM_IC_MspInit)
    HAL_TIM_IC_Start_IT                      0x08003931   Thumb Code   450  stm32f4xx_hal_tim.o(i.HAL_TIM_IC_Start_IT)
    HAL_TIM_IRQHandler                       0x08003b59   Thumb Code   358  stm32f4xx_hal_tim.o(i.HAL_TIM_IRQHandler)
    HAL_TIM_MspPostInit                      0x08003cc1   Thumb Code   218  tim.o(i.HAL_TIM_MspPostInit)
    HAL_TIM_OC_DelayElapsedCallback          0x08003dc1   Thumb Code     2  stm32f4xx_hal_tim.o(i.HAL_TIM_OC_DelayElapsedCallback)
    HAL_TIM_PWM_ConfigChannel                0x08003dc5   Thumb Code   516  stm32f4xx_hal_tim.o(i.HAL_TIM_PWM_ConfigChannel)
    HAL_TIM_PWM_Init                         0x0800402d   Thumb Code   260  stm32f4xx_hal_tim.o(i.HAL_TIM_PWM_Init)
    HAL_TIM_PWM_MspInit                      0x0800419d   Thumb Code     2  stm32f4xx_hal_tim.o(i.HAL_TIM_PWM_MspInit)
    HAL_TIM_PWM_PulseFinishedCallback        0x0800419f   Thumb Code     2  stm32f4xx_hal_tim.o(i.HAL_TIM_PWM_PulseFinishedCallback)
    HAL_TIM_PWM_Start                        0x080041a1   Thumb Code   374  stm32f4xx_hal_tim.o(i.HAL_TIM_PWM_Start)
    HAL_TIM_PeriodElapsedCallback            0x0800437d   Thumb Code    60  main.o(i.HAL_TIM_PeriodElapsedCallback)
    HAL_TIM_ReadCapturedValue                0x080043c9   Thumb Code   254  stm32f4xx_hal_tim.o(i.HAL_TIM_ReadCapturedValue)
    HAL_TIM_SlaveConfigSynchro               0x0800452d   Thumb Code   222  stm32f4xx_hal_tim.o(i.HAL_TIM_SlaveConfigSynchro)
    HAL_TIM_TriggerCallback                  0x08004661   Thumb Code     2  stm32f4xx_hal_tim.o(i.HAL_TIM_TriggerCallback)
    HAL_UARTEx_RxEventCallback               0x08004663   Thumb Code     2  stm32f4xx_hal_uart.o(i.HAL_UARTEx_RxEventCallback)
    HAL_UART_DMAStop                         0x08004665   Thumb Code   112  stm32f4xx_hal_uart.o(i.HAL_UART_DMAStop)
    HAL_UART_ErrorCallback                   0x080046d5   Thumb Code     2  stm32f4xx_hal_uart.o(i.HAL_UART_ErrorCallback)
    HAL_UART_IRQHandler                      0x080046d9   Thumb Code   610  stm32f4xx_hal_uart.o(i.HAL_UART_IRQHandler)
    HAL_UART_Init                            0x08004941   Thumb Code   246  stm32f4xx_hal_uart.o(i.HAL_UART_Init)
    HAL_UART_MspInit                         0x08004a8d   Thumb Code   192  usart.o(i.HAL_UART_MspInit)
    HAL_UART_Receive_DMA                     0x08004b61   Thumb Code    42  stm32f4xx_hal_uart.o(i.HAL_UART_Receive_DMA)
    HAL_UART_RxCpltCallback                  0x08004b8b   Thumb Code     2  stm32f4xx_hal_uart.o(i.HAL_UART_RxCpltCallback)
    HAL_UART_RxHalfCpltCallback              0x08004b8d   Thumb Code     2  stm32f4xx_hal_uart.o(i.HAL_UART_RxHalfCpltCallback)
    HAL_UART_TxCpltCallback                  0x08004b8f   Thumb Code     2  stm32f4xx_hal_uart.o(i.HAL_UART_TxCpltCallback)
    HardFault_Handler                        0x08004b91   Thumb Code     2  stm32f4xx_it.o(i.HardFault_Handler)
    MX_CAN1_Init                             0x08004b95   Thumb Code    62  can.o(i.MX_CAN1_Init)
    MX_DMA_Init                              0x08004bdd   Thumb Code    40  dma.o(i.MX_DMA_Init)
    MX_FREERTOS_Init                         0x08004c09   Thumb Code    96  freertos.o(i.MX_FREERTOS_Init)
    MX_GPIO_Init                             0x08004c71   Thumb Code   272  gpio.o(i.MX_GPIO_Init)
    MX_IWDG_Init                             0x08004da1   Thumb Code    36  iwdg.o(i.MX_IWDG_Init)
    MX_TIM1_Init                             0x08004dcd   Thumb Code   208  tim.o(i.MX_TIM1_Init)
    MX_TIM2_Init                             0x08004ea5   Thumb Code   164  tim.o(i.MX_TIM2_Init)
    MX_TIM3_Init                             0x08004f4d   Thumb Code   196  tim.o(i.MX_TIM3_Init)
    MX_TIM4_Init                             0x08005019   Thumb Code   162  tim.o(i.MX_TIM4_Init)
    MX_TIM6_Init                             0x080050c5   Thumb Code    60  tim.o(i.MX_TIM6_Init)
    MX_TIM8_Init                             0x08005109   Thumb Code   192  tim.o(i.MX_TIM8_Init)
    MX_TIM9_Init                             0x080051d1   Thumb Code   124  tim.o(i.MX_TIM9_Init)
    MX_USART3_UART_Init                      0x08005255   Thumb Code    48  usart.o(i.MX_USART3_UART_Init)
    MemManage_Handler                        0x0800528d   Thumb Code     2  stm32f4xx_it.o(i.MemManage_Handler)
    NMI_Handler                              0x0800528f   Thumb Code     6  stm32f4xx_it.o(i.NMI_Handler)
    PICK_InitMotor                           0x08005295   Thumb Code    48  pick.o(i.PICK_InitMotor)
    Pitch_Get_Position                       0x080052d1   Thumb Code   128  pitch.o(i.Pitch_Get_Position)
    Pitch_InitMotor                          0x08005371   Thumb Code   134  pitch.o(i.Pitch_InitMotor)
    StartDefaultTask                         0x08005409   Thumb Code   204  freertos.o(i.StartDefaultTask)
    StartTask02                              0x080054f1   Thumb Code  1278  freertos.o(i.StartTask02)
    StartTask03                              0x080059f1   Thumb Code    98  freertos.o(i.StartTask03)
    StartTask04                              0x08005a75   Thumb Code    30  freertos.o(i.StartTask04)
    SysTick_Handler                          0x08005a9d   Thumb Code    38  port.o(i.SysTick_Handler)
    SystemClock_Config                       0x08005ac9   Thumb Code   146  main.o(i.SystemClock_Config)
    SystemInit                               0x08005b65   Thumb Code    12  system_stm32f4xx.o(i.SystemInit)
    TIM6_DAC_IRQHandler                      0x08005b75   Thumb Code     6  stm32f4xx_it.o(i.TIM6_DAC_IRQHandler)
    TIM7_IRQHandler                          0x08005b81   Thumb Code     6  stm32f4xx_it.o(i.TIM7_IRQHandler)
    TIM_Base_SetConfig                       0x08005b8d   Thumb Code   156  stm32f4xx_hal_tim.o(i.TIM_Base_SetConfig)
    TIM_CCxChannelCmd                        0x08005c55   Thumb Code   142  stm32f4xx_hal_tim.o(i.TIM_CCxChannelCmd)
    TIM_ETR_SetConfig                        0x08005d49   Thumb Code    20  stm32f4xx_hal_tim.o(i.TIM_ETR_SetConfig)
    TIM_OC2_SetConfig                        0x08005e51   Thumb Code   170  stm32f4xx_hal_tim.o(i.TIM_OC2_SetConfig)
    TIM_TI1_SetConfig                        0x080063c9   Thumb Code   100  stm32f4xx_hal_tim.o(i.TIM_TI1_SetConfig)
    UART_Start_Receive_DMA                   0x08006865   Thumb Code   134  stm32f4xx_hal_uart.o(i.UART_Start_Receive_DMA)
    USART3_IRQHandler                        0x080068f9   Thumb Code    60  stm32f4xx_it.o(i.USART3_IRQHandler)
    UsageFault_Handler                       0x08006945   Thumb Code     2  stm32f4xx_it.o(i.UsageFault_Handler)
    __hardfp_sqrt                            0x08006967   Thumb Code   122  sqrt.o(i.__hardfp_sqrt)
    __scatterload_copy                       0x080069e1   Thumb Code    14  handlers.o(i.__scatterload_copy)
    __scatterload_null                       0x080069ef   Thumb Code     2  handlers.o(i.__scatterload_null)
    __scatterload_zeroinit                   0x080069f1   Thumb Code    14  handlers.o(i.__scatterload_zeroinit)
    __set_errno                              0x08006a01   Thumb Code     6  errno.o(i.__set_errno)
    assert_failed                            0x08006a0d   Thumb Code     2  main.o(i.assert_failed)
    can_filter_init                          0x08006a11   Thumb Code    52  bsp_can.o(i.can_filter_init)
    chassis_control_loop                     0x08006a49   Thumb Code   194  chassis.o(i.chassis_control_loop)
    chassis_init                             0x08006b15   Thumb Code   104  chassis.o(i.chassis_init)
    chassis_state_update                     0x08006b89   Thumb Code    38  chassis.o(i.chassis_state_update)
    chassis_vector_to_mecanum_wheel_speed    0x08006bb5   Thumb Code    54  chassis.o(i.chassis_vector_to_mecanum_wheel_speed)
    filter_array                             0x08006bed   Thumb Code    62  freertos.o(i.filter_array)
    get_chassis_motor_measure_point          0x08006c31   Thumb Code    16  bsp_can.o(i.get_chassis_motor_measure_point)
    main                                     0x08006c45   Thumb Code   554  main.o(i.main)
    map_fire                                 0x08006eb1   Thumb Code    50  freertos.o(i.map_fire)
    map_value                                0x08006ee3   Thumb Code    32  freertos.o(i.map_value)
    my_abs                                   0x08006f03   Thumb Code    44  freertos.o(i.my_abs)
    osDelay                                  0x08006f2f   Thumb Code    14  cmsis_os.o(i.osDelay)
    osKernelStart                            0x08006f3d   Thumb Code    10  cmsis_os.o(i.osKernelStart)
    osThreadCreate                           0x08006f47   Thumb Code    84  cmsis_os.o(i.osThreadCreate)
    pid_init                                 0x08007085   Thumb Code    14  pid.o(i.pid_init)
    pid_pitch_control                        0x080070f9   Thumb Code   336  pitch_init.o(i.pid_pitch_control)
    pitch_init                               0x08007271   Thumb Code    58  pitch_init.o(i.pitch_init)
    pvPortMalloc                             0x08007605   Thumb Code   216  heap_4.o(i.pvPortMalloc)
    pxPortInitialiseStack                    0x080076e1   Thumb Code    40  port.o(i.pxPortInitialiseStack)
    uxListRemove                             0x0800770d   Thumb Code    38  list.o(i.uxListRemove)
    vApplicationGetIdleTaskMemory            0x08007735   Thumb Code    16  freertos.o(i.vApplicationGetIdleTaskMemory)
    vListInitialise                          0x08007749   Thumb Code    22  list.o(i.vListInitialise)
    vListInitialiseItem                      0x0800775f   Thumb Code     6  list.o(i.vListInitialiseItem)
    vListInsert                              0x08007765   Thumb Code    48  list.o(i.vListInsert)
    vListInsertEnd                           0x08007795   Thumb Code    24  list.o(i.vListInsertEnd)
    vPortEnterCritical                       0x080077ad   Thumb Code    54  port.o(i.vPortEnterCritical)
    vPortExitCritical                        0x080077ed   Thumb Code    34  port.o(i.vPortExitCritical)
    vPortFree                                0x08007815   Thumb Code    94  heap_4.o(i.vPortFree)
    vPortSetupTimerInterrupt                 0x08007879   Thumb Code    32  port.o(i.vPortSetupTimerInterrupt)
    vTaskDelay                               0x0800789d   Thumb Code    66  tasks.o(i.vTaskDelay)
    vTaskStartScheduler                      0x080078e9   Thumb Code    90  tasks.o(i.vTaskStartScheduler)
    vTaskSuspendAll                          0x08007955   Thumb Code    10  tasks.o(i.vTaskSuspendAll)
    vTaskSwitchContext                       0x08007965   Thumb Code    82  tasks.o(i.vTaskSwitchContext)
    xPortStartScheduler                      0x080079c1   Thumb Code   222  port.o(i.xPortStartScheduler)
    xTaskCreate                              0x08007ab5   Thumb Code    90  tasks.o(i.xTaskCreate)
    xTaskCreateStatic                        0x08007b0f   Thumb Code    86  tasks.o(i.xTaskCreateStatic)
    xTaskIncrementTick                       0x08007b65   Thumb Code   194  tasks.o(i.xTaskIncrementTick)
    xTaskResumeAll                           0x08007c31   Thumb Code   182  tasks.o(i.xTaskResumeAll)
    AHBPrescTable                            0x08007d6c   Data          16  system_stm32f4xx.o(.constdata)
    APBPrescTable                            0x08007d7c   Data           8  system_stm32f4xx.o(.constdata)
    Region$$Table$$Base                      0x08007db4   Number         0  anon$$obj.o(Region$$Table)
    Region$$Table$$Limit                     0x08007dd4   Number         0  anon$$obj.o(Region$$Table)
    vx                                       0x2000000c   Data           4  chassis.o(.data)
    vy                                       0x20000010   Data           4  chassis.o(.data)
    wz                                       0x20000014   Data           4  chassis.o(.data)
    duty                                     0x20000018   Data           4  pitch.o(.data)
    state                                    0x2000001c   Data           4  main.o(.data)
    receive_buff                             0x20000020   Data           8  main.o(.data)
    Position                                 0x20000028   Data           4  freertos.o(.data)
    target_position                          0x2000002c   Data           4  freertos.o(.data)
    speed_fire                               0x20000030   Data           4  freertos.o(.data)
    state_reload                             0x20000034   Data           4  freertos.o(.data)
    state_last_reload                        0x20000038   Data           4  freertos.o(.data)
    state_upload                             0x2000003c   Data           4  freertos.o(.data)
    state_catch                              0x20000040   Data           4  freertos.o(.data)
    state_last_catch                         0x20000044   Data           4  freertos.o(.data)
    catch_delay                              0x20000048   Data           4  freertos.o(.data)
    reload_time                              0x2000004c   Data           4  freertos.o(.data)
    defaultTaskHandle                        0x20000050   Data           4  freertos.o(.data)
    myTask02Handle                           0x20000054   Data           4  freertos.o(.data)
    myTask03Handle                           0x20000058   Data           4  freertos.o(.data)
    myTask04Handle                           0x2000005c   Data           4  freertos.o(.data)
    filter_buff                              0x20000060   Data          32  freertos.o(.data)
    uwTickFreq                               0x20000080   Data           1  stm32f4xx_hal.o(.data)
    uwTickPrio                               0x20000084   Data           4  stm32f4xx_hal.o(.data)
    uwTick                                   0x20000088   Data           4  stm32f4xx_hal.o(.data)
    SystemCoreClock                          0x2000008c   Data           4  system_stm32f4xx.o(.data)
    pxCurrentTCB                             0x20000090   Data           4  tasks.o(.data)
    motor_data                               0x2000015c   Data          16  bsp_can.o(.bss)
    wheel_speed                              0x2000016c   Data          16  chassis.o(.bss)
    drive_motor_pid                          0x2000017c   Data         416  chassis.o(.bss)
    FRICTION_Motors                          0x2000031c   Data          40  friction.o(.bss)
    PICK_Motors                              0x20000344   Data          60  pick.o(.bss)
    Pitch_Motors                             0x20000380   Data          60  pitch.o(.bss)
    drive_pitch_pid                          0x200003bc   Data         104  pitch_init.o(.bss)
    hcan1                                    0x20000678   Data          40  can.o(.bss)
    hiwdg                                    0x200006a0   Data          12  iwdg.o(.bss)
    htim1                                    0x200006ac   Data          72  tim.o(.bss)
    htim2                                    0x200006f4   Data          72  tim.o(.bss)
    htim3                                    0x2000073c   Data          72  tim.o(.bss)
    htim4                                    0x20000784   Data          72  tim.o(.bss)
    htim6                                    0x200007cc   Data          72  tim.o(.bss)
    htim8                                    0x20000814   Data          72  tim.o(.bss)
    htim9                                    0x2000085c   Data          72  tim.o(.bss)
    huart3                                   0x200008a4   Data          68  usart.o(.bss)
    hdma_usart3_rx                           0x200008e8   Data          96  usart.o(.bss)
    htim7                                    0x20000948   Data          72  stm32f4xx_hal_timebase_tim.o(.bss)
    __initial_sp                             0x20004a80   Data           0  startup_stm32f407xx.o(STACK)



==============================================================================

Memory Map of the image

  Image Entry point : 0x08000189

  Load Region LR_IROM1 (Base: 0x08000000, Size: 0x00007ed0, Max: 0x00100000, ABSOLUTE)

    Execution Region ER_IROM1 (Exec base: 0x08000000, Load base: 0x08000000, Size: 0x00007dd4, Max: 0x00100000, ABSOLUTE)

    Exec Addr    Load Addr    Size         Type   Attr      Idx    E Section Name        Object

    0x08000000   0x08000000   0x00000188   Data   RO            3    RESET               startup_stm32f407xx.o
    0x08000188   0x08000188   0x00000000   Code   RO         5173  * .ARM.Collect$$$$00000000  mc_w.l(entry.o)
    0x08000188   0x08000188   0x00000004   Code   RO         5200    .ARM.Collect$$$$00000001  mc_w.l(entry2.o)
    0x0800018c   0x0800018c   0x00000004   Code   RO         5203    .ARM.Collect$$$$00000004  mc_w.l(entry5.o)
    0x08000190   0x08000190   0x00000000   Code   RO         5205    .ARM.Collect$$$$00000008  mc_w.l(entry7b.o)
    0x08000190   0x08000190   0x00000000   Code   RO         5207    .ARM.Collect$$$$0000000A  mc_w.l(entry8b.o)
    0x08000190   0x08000190   0x00000008   Code   RO         5208    .ARM.Collect$$$$0000000B  mc_w.l(entry9a.o)
    0x08000198   0x08000198   0x00000004   Code   RO         5215    .ARM.Collect$$$$0000000E  mc_w.l(entry12b.o)
    0x0800019c   0x0800019c   0x00000000   Code   RO         5210    .ARM.Collect$$$$0000000F  mc_w.l(entry10a.o)
    0x0800019c   0x0800019c   0x00000000   Code   RO         5212    .ARM.Collect$$$$00000011  mc_w.l(entry11a.o)
    0x0800019c   0x0800019c   0x00000004   Code   RO         5201    .ARM.Collect$$$$00002712  mc_w.l(entry2.o)
    0x080001a0   0x080001a0   0x000000be   Code   RO         5074    .emb_text           port.o
    0x0800025e   0x0800025e   0x00000002   PAD
    0x08000260   0x08000260   0x00000024   Code   RO            4    .text               startup_stm32f407xx.o
    0x08000284   0x08000284   0x00000062   Code   RO         5176    .text               mc_w.l(uldiv.o)
    0x080002e6   0x080002e6   0x00000024   Code   RO         5178    .text               mc_w.l(memcpya.o)
    0x0800030a   0x0800030a   0x00000024   Code   RO         5182    .text               mc_w.l(memseta.o)
    0x0800032e   0x0800032e   0x000000b0   Code   RO         5186    .text               mf_w.l(fadd.o)
    0x080003de   0x080003de   0x00000064   Code   RO         5188    .text               mf_w.l(fmul.o)
    0x08000442   0x08000442   0x000000e4   Code   RO         5190    .text               mf_w.l(dmul.o)
    0x08000526   0x08000526   0x000000de   Code   RO         5192    .text               mf_w.l(ddiv.o)
    0x08000604   0x08000604   0x00000022   Code   RO         5194    .text               mf_w.l(dflti.o)
    0x08000626   0x08000626   0x0000003e   Code   RO         5196    .text               mf_w.l(dfixi.o)
    0x08000664   0x08000664   0x00000038   Code   RO         5198    .text               mf_w.l(d2f.o)
    0x0800069c   0x0800069c   0x0000001e   Code   RO         5216    .text               mc_w.l(llshl.o)
    0x080006ba   0x080006ba   0x00000020   Code   RO         5218    .text               mc_w.l(llushr.o)
    0x080006da   0x080006da   0x00000000   Code   RO         5227    .text               mc_w.l(iusefp.o)
    0x080006da   0x080006da   0x0000006e   Code   RO         5228    .text               mf_w.l(fepilogue.o)
    0x08000748   0x08000748   0x000000ba   Code   RO         5230    .text               mf_w.l(depilogue.o)
    0x08000802   0x08000802   0x000000a2   Code   RO         5232    .text               mf_w.l(dsqrt.o)
    0x080008a4   0x080008a4   0x00000024   Code   RO         5236    .text               mc_w.l(init.o)
    0x080008c8   0x080008c8   0x00000044   Code   RO         5152    .text.arm_pid_init_f32  arm_cortexM4l_math.lib(arm_pid_init_f32.o)
    0x0800090c   0x0800090c   0x00000002   Code   RO          920    i.BusFault_Handler  stm32f4xx_it.o
    0x0800090e   0x0800090e   0x00000002   PAD
    0x08000910   0x08000910   0x0000000c   Code   RO          921    i.CAN1_RX0_IRQHandler  stm32f4xx_it.o
    0x0800091c   0x0800091c   0x0000000c   Code   RO          922    i.CAN1_TX_IRQHandler  stm32f4xx_it.o
    0x08000928   0x08000928   0x00000048   Code   RO           13    i.CAN_cmd_chassis   bsp_can.o
    0x08000970   0x08000970   0x0000000c   Code   RO          923    i.DMA1_Stream1_IRQHandler  stm32f4xx_it.o
    0x0800097c   0x0800097c   0x00000028   Code   RO         1785    i.DMA_CalcBaseAndBitshift  stm32f4xx_hal_dma.o
    0x080009a4   0x080009a4   0x00000054   Code   RO         1786    i.DMA_CheckFifoParam  stm32f4xx_hal_dma.o
    0x080009f8   0x080009f8   0x00000028   Code   RO         1787    i.DMA_SetConfig     stm32f4xx_hal_dma.o
    0x08000a20   0x08000a20   0x00000002   Code   RO          924    i.DebugMon_Handler  stm32f4xx_it.o
    0x08000a22   0x08000a22   0x00000004   Code   RO          429    i.Error_Handler     main.o
    0x08000a26   0x08000a26   0x00000002   PAD
    0x08000a28   0x08000a28   0x0000003c   Code   RO          241    i.FRICTION_InitMotor  friction.o
    0x08000a64   0x08000a64   0x00000078   Code   RO         1078    i.HAL_CAN_ActivateNotification  stm32f4xx_hal_can.o
    0x08000adc   0x08000adc   0x00000194   Code   RO         1079    i.HAL_CAN_AddTxMessage  stm32f4xx_hal_can.o
    0x08000c70   0x08000c70   0x000001f4   Code   RO         1080    i.HAL_CAN_ConfigFilter  stm32f4xx_hal_can.o
    0x08000e64   0x08000e64   0x00000014   Code   RO          692    i.HAL_CAN_ErrorCallback  can.o
    0x08000e78   0x08000e78   0x00000140   Code   RO         1086    i.HAL_CAN_GetRxMessage  stm32f4xx_hal_can.o
    0x08000fb8   0x08000fb8   0x000001fc   Code   RO         1090    i.HAL_CAN_IRQHandler  stm32f4xx_hal_can.o
    0x080011b4   0x080011b4   0x000002d8   Code   RO         1091    i.HAL_CAN_Init      stm32f4xx_hal_can.o
    0x0800148c   0x0800148c   0x00000088   Code   RO          694    i.HAL_CAN_MspInit   can.o
    0x08001514   0x08001514   0x00000002   Code   RO         1098    i.HAL_CAN_RxFifo0FullCallback  stm32f4xx_hal_can.o
    0x08001516   0x08001516   0x00000002   PAD
    0x08001518   0x08001518   0x00000068   Code   RO           15    i.HAL_CAN_RxFifo0MsgPendingCallback  bsp_can.o
    0x08001580   0x08001580   0x00000002   Code   RO         1100    i.HAL_CAN_RxFifo1FullCallback  stm32f4xx_hal_can.o
    0x08001582   0x08001582   0x00000002   Code   RO         1101    i.HAL_CAN_RxFifo1MsgPendingCallback  stm32f4xx_hal_can.o
    0x08001584   0x08001584   0x00000002   Code   RO         1102    i.HAL_CAN_SleepCallback  stm32f4xx_hal_can.o
    0x08001586   0x08001586   0x00000002   PAD
    0x08001588   0x08001588   0x00000058   Code   RO         1103    i.HAL_CAN_Start     stm32f4xx_hal_can.o
    0x080015e0   0x080015e0   0x00000002   Code   RO         1105    i.HAL_CAN_TxMailbox0AbortCallback  stm32f4xx_hal_can.o
    0x080015e2   0x080015e2   0x00000002   Code   RO         1106    i.HAL_CAN_TxMailbox0CompleteCallback  stm32f4xx_hal_can.o
    0x080015e4   0x080015e4   0x00000002   Code   RO         1107    i.HAL_CAN_TxMailbox1AbortCallback  stm32f4xx_hal_can.o
    0x080015e6   0x080015e6   0x00000002   Code   RO         1108    i.HAL_CAN_TxMailbox1CompleteCallback  stm32f4xx_hal_can.o
    0x080015e8   0x080015e8   0x00000002   Code   RO         1109    i.HAL_CAN_TxMailbox2AbortCallback  stm32f4xx_hal_can.o
    0x080015ea   0x080015ea   0x00000002   Code   RO         1110    i.HAL_CAN_TxMailbox2CompleteCallback  stm32f4xx_hal_can.o
    0x080015ec   0x080015ec   0x00000002   Code   RO         1112    i.HAL_CAN_WakeUpFromRxMsgCallback  stm32f4xx_hal_can.o
    0x080015ee   0x080015ee   0x00000092   Code   RO         1788    i.HAL_DMA_Abort     stm32f4xx_hal_dma.o
    0x08001680   0x08001680   0x00000024   Code   RO         1789    i.HAL_DMA_Abort_IT  stm32f4xx_hal_dma.o
    0x080016a4   0x080016a4   0x000001a0   Code   RO         1793    i.HAL_DMA_IRQHandler  stm32f4xx_hal_dma.o
    0x08001844   0x08001844   0x000002e0   Code   RO         1794    i.HAL_DMA_Init      stm32f4xx_hal_dma.o
    0x08001b24   0x08001b24   0x000000c8   Code   RO         1798    i.HAL_DMA_Start_IT  stm32f4xx_hal_dma.o
    0x08001bec   0x08001bec   0x000002fc   Code   RO         1681    i.HAL_GPIO_Init     stm32f4xx_hal_gpio.o
    0x08001ee8   0x08001ee8   0x0000000c   Code   RO         2213    i.HAL_GetTick       stm32f4xx_hal.o
    0x08001ef4   0x08001ef4   0x000000e0   Code   RO         2458    i.HAL_IWDG_Init     stm32f4xx_hal_iwdg.o
    0x08001fd4   0x08001fd4   0x0000000c   Code   RO         2459    i.HAL_IWDG_Refresh  stm32f4xx_hal_iwdg.o
    0x08001fe0   0x08001fe0   0x00000010   Code   RO         2219    i.HAL_IncTick       stm32f4xx_hal.o
    0x08001ff0   0x08001ff0   0x00000034   Code   RO         2220    i.HAL_Init          stm32f4xx_hal.o
    0x08002024   0x08002024   0x00000098   Code   RO         1038    i.HAL_InitTick      stm32f4xx_hal_timebase_tim.o
    0x080020bc   0x080020bc   0x00000038   Code   RO         1014    i.HAL_MspInit       stm32f4xx_hal_msp.o
    0x080020f4   0x080020f4   0x00000064   Code   RO         2070    i.HAL_NVIC_EnableIRQ  stm32f4xx_hal_cortex.o
    0x08002158   0x08002158   0x000000a0   Code   RO         2076    i.HAL_NVIC_SetPriority  stm32f4xx_hal_cortex.o
    0x080021f8   0x080021f8   0x00000080   Code   RO         2077    i.HAL_NVIC_SetPriorityGrouping  stm32f4xx_hal_cortex.o
    0x08002278   0x08002278   0x00000002   Code   RO         1311    i.HAL_RCC_CSSCallback  stm32f4xx_hal_rcc.o
    0x0800227a   0x0800227a   0x00000002   PAD
    0x0800227c   0x0800227c   0x0000024c   Code   RO         1312    i.HAL_RCC_ClockConfig  stm32f4xx_hal_rcc.o
    0x080024c8   0x080024c8   0x0000000c   Code   RO         1315    i.HAL_RCC_EnableCSS  stm32f4xx_hal_rcc.o
    0x080024d4   0x080024d4   0x00000040   Code   RO         1316    i.HAL_RCC_GetClockConfig  stm32f4xx_hal_rcc.o
    0x08002514   0x08002514   0x00000020   Code   RO         1319    i.HAL_RCC_GetPCLK1Freq  stm32f4xx_hal_rcc.o
    0x08002534   0x08002534   0x00000020   Code   RO         1320    i.HAL_RCC_GetPCLK2Freq  stm32f4xx_hal_rcc.o
    0x08002554   0x08002554   0x00000060   Code   RO         1321    i.HAL_RCC_GetSysClockFreq  stm32f4xx_hal_rcc.o
    0x080025b4   0x080025b4   0x0000001c   Code   RO         1323    i.HAL_RCC_NMI_IRQHandler  stm32f4xx_hal_rcc.o
    0x080025d0   0x080025d0   0x000004a8   Code   RO         1324    i.HAL_RCC_OscConfig  stm32f4xx_hal_rcc.o
    0x08002a78   0x08002a78   0x00000002   Code   RO         3195    i.HAL_TIMEx_BreakCallback  stm32f4xx_hal_tim_ex.o
    0x08002a7a   0x08002a7a   0x00000002   Code   RO         3196    i.HAL_TIMEx_CommutCallback  stm32f4xx_hal_tim_ex.o
    0x08002a7c   0x08002a7c   0x00000148   Code   RO         3198    i.HAL_TIMEx_ConfigBreakDeadTime  stm32f4xx_hal_tim_ex.o
    0x08002bc4   0x08002bc4   0x00000150   Code   RO         3214    i.HAL_TIMEx_MasterConfigSynchronization  stm32f4xx_hal_tim_ex.o
    0x08002d14   0x08002d14   0x00000170   Code   RO         2490    i.HAL_TIM_Base_Init  stm32f4xx_hal_tim.o
    0x08002e84   0x08002e84   0x0000013c   Code   RO          795    i.HAL_TIM_Base_MspInit  tim.o
    0x08002fc0   0x08002fc0   0x00000130   Code   RO         2495    i.HAL_TIM_Base_Start_IT  stm32f4xx_hal_tim.o
    0x080030f0   0x080030f0   0x00000410   Code   RO         2499    i.HAL_TIM_ConfigClockSource  stm32f4xx_hal_tim.o
    0x08003500   0x08003500   0x00000002   Code   RO         2524    i.HAL_TIM_IC_CaptureCallback  stm32f4xx_hal_tim.o
    0x08003502   0x08003502   0x00000002   PAD
    0x08003504   0x08003504   0x000002b8   Code   RO         2526    i.HAL_TIM_IC_ConfigChannel  stm32f4xx_hal_tim.o
    0x080037bc   0x080037bc   0x00000170   Code   RO         2529    i.HAL_TIM_IC_Init   stm32f4xx_hal_tim.o
    0x0800392c   0x0800392c   0x00000002   Code   RO         2531    i.HAL_TIM_IC_MspInit  stm32f4xx_hal_tim.o
    0x0800392e   0x0800392e   0x00000002   PAD
    0x08003930   0x08003930   0x00000228   Code   RO         2534    i.HAL_TIM_IC_Start_IT  stm32f4xx_hal_tim.o
    0x08003b58   0x08003b58   0x00000166   Code   RO         2538    i.HAL_TIM_IRQHandler  stm32f4xx_hal_tim.o
    0x08003cbe   0x08003cbe   0x00000002   PAD
    0x08003cc0   0x08003cc0   0x00000100   Code   RO          796    i.HAL_TIM_MspPostInit  tim.o
    0x08003dc0   0x08003dc0   0x00000002   Code   RO         2541    i.HAL_TIM_OC_DelayElapsedCallback  stm32f4xx_hal_tim.o
    0x08003dc2   0x08003dc2   0x00000002   PAD
    0x08003dc4   0x08003dc4   0x00000268   Code   RO         2562    i.HAL_TIM_PWM_ConfigChannel  stm32f4xx_hal_tim.o
    0x0800402c   0x0800402c   0x00000170   Code   RO         2565    i.HAL_TIM_PWM_Init  stm32f4xx_hal_tim.o
    0x0800419c   0x0800419c   0x00000002   Code   RO         2567    i.HAL_TIM_PWM_MspInit  stm32f4xx_hal_tim.o
    0x0800419e   0x0800419e   0x00000002   Code   RO         2568    i.HAL_TIM_PWM_PulseFinishedCallback  stm32f4xx_hal_tim.o
    0x080041a0   0x080041a0   0x000001dc   Code   RO         2570    i.HAL_TIM_PWM_Start  stm32f4xx_hal_tim.o
    0x0800437c   0x0800437c   0x0000004c   Code   RO          430    i.HAL_TIM_PeriodElapsedCallback  main.o
    0x080043c8   0x080043c8   0x00000164   Code   RO         2578    i.HAL_TIM_ReadCapturedValue  stm32f4xx_hal_tim.o
    0x0800452c   0x0800452c   0x00000134   Code   RO         2579    i.HAL_TIM_SlaveConfigSynchro  stm32f4xx_hal_tim.o
    0x08004660   0x08004660   0x00000002   Code   RO         2581    i.HAL_TIM_TriggerCallback  stm32f4xx_hal_tim.o
    0x08004662   0x08004662   0x00000002   Code   RO         3473    i.HAL_UARTEx_RxEventCallback  stm32f4xx_hal_uart.o
    0x08004664   0x08004664   0x00000070   Code   RO         3485    i.HAL_UART_DMAStop  stm32f4xx_hal_uart.o
    0x080046d4   0x080046d4   0x00000002   Code   RO         3487    i.HAL_UART_ErrorCallback  stm32f4xx_hal_uart.o
    0x080046d6   0x080046d6   0x00000002   PAD
    0x080046d8   0x080046d8   0x00000268   Code   RO         3490    i.HAL_UART_IRQHandler  stm32f4xx_hal_uart.o
    0x08004940   0x08004940   0x0000014c   Code   RO         3491    i.HAL_UART_Init     stm32f4xx_hal_uart.o
    0x08004a8c   0x08004a8c   0x000000d4   Code   RO          879    i.HAL_UART_MspInit  usart.o
    0x08004b60   0x08004b60   0x0000002a   Code   RO         3495    i.HAL_UART_Receive_DMA  stm32f4xx_hal_uart.o
    0x08004b8a   0x08004b8a   0x00000002   Code   RO         3497    i.HAL_UART_RxCpltCallback  stm32f4xx_hal_uart.o
    0x08004b8c   0x08004b8c   0x00000002   Code   RO         3498    i.HAL_UART_RxHalfCpltCallback  stm32f4xx_hal_uart.o
    0x08004b8e   0x08004b8e   0x00000002   Code   RO         3502    i.HAL_UART_TxCpltCallback  stm32f4xx_hal_uart.o
    0x08004b90   0x08004b90   0x00000002   Code   RO          925    i.HardFault_Handler  stm32f4xx_it.o
    0x08004b92   0x08004b92   0x00000002   PAD
    0x08004b94   0x08004b94   0x00000048   Code   RO          695    i.MX_CAN1_Init      can.o
    0x08004bdc   0x08004bdc   0x0000002c   Code   RO          740    i.MX_DMA_Init       dma.o
    0x08004c08   0x08004c08   0x00000068   Code   RO          596    i.MX_FREERTOS_Init  freertos.o
    0x08004c70   0x08004c70   0x00000130   Code   RO          572    i.MX_GPIO_Init      gpio.o
    0x08004da0   0x08004da0   0x0000002c   Code   RO          764    i.MX_IWDG_Init      iwdg.o
    0x08004dcc   0x08004dcc   0x000000d8   Code   RO          797    i.MX_TIM1_Init      tim.o
    0x08004ea4   0x08004ea4   0x000000a8   Code   RO          798    i.MX_TIM2_Init      tim.o
    0x08004f4c   0x08004f4c   0x000000cc   Code   RO          799    i.MX_TIM3_Init      tim.o
    0x08005018   0x08005018   0x000000ac   Code   RO          800    i.MX_TIM4_Init      tim.o
    0x080050c4   0x080050c4   0x00000044   Code   RO          801    i.MX_TIM6_Init      tim.o
    0x08005108   0x08005108   0x000000c8   Code   RO          802    i.MX_TIM8_Init      tim.o
    0x080051d0   0x080051d0   0x00000084   Code   RO          803    i.MX_TIM9_Init      tim.o
    0x08005254   0x08005254   0x00000038   Code   RO          880    i.MX_USART3_UART_Init  usart.o
    0x0800528c   0x0800528c   0x00000002   Code   RO          926    i.MemManage_Handler  stm32f4xx_it.o
    0x0800528e   0x0800528e   0x00000006   Code   RO          927    i.NMI_Handler       stm32f4xx_it.o
    0x08005294   0x08005294   0x0000003c   Code   RO          275    i.PICK_InitMotor    pick.o
    0x080052d0   0x080052d0   0x000000a0   Code   RO          339    i.Pitch_Get_Position  pitch.o
    0x08005370   0x08005370   0x00000098   Code   RO          340    i.Pitch_InitMotor   pitch.o
    0x08005408   0x08005408   0x000000e8   Code   RO          597    i.StartDefaultTask  freertos.o
    0x080054f0   0x080054f0   0x000004fe   Code   RO          598    i.StartTask02       freertos.o
    0x080059ee   0x080059ee   0x00000002   PAD
    0x080059f0   0x080059f0   0x00000084   Code   RO          599    i.StartTask03       freertos.o
    0x08005a74   0x08005a74   0x00000028   Code   RO          600    i.StartTask04       freertos.o
    0x08005a9c   0x08005a9c   0x0000002c   Code   RO         5075    i.SysTick_Handler   port.o
    0x08005ac8   0x08005ac8   0x0000009c   Code   RO          431    i.SystemClock_Config  main.o
    0x08005b64   0x08005b64   0x00000010   Code   RO         3820    i.SystemInit        system_stm32f4xx.o
    0x08005b74   0x08005b74   0x0000000c   Code   RO          928    i.TIM6_DAC_IRQHandler  stm32f4xx_it.o
    0x08005b80   0x08005b80   0x0000000c   Code   RO          929    i.TIM7_IRQHandler   stm32f4xx_it.o
    0x08005b8c   0x08005b8c   0x000000c8   Code   RO         2583    i.TIM_Base_SetConfig  stm32f4xx_hal_tim.o
    0x08005c54   0x08005c54   0x000000f4   Code   RO         2584    i.TIM_CCxChannelCmd  stm32f4xx_hal_tim.o
    0x08005d48   0x08005d48   0x00000014   Code   RO         2594    i.TIM_ETR_SetConfig  stm32f4xx_hal_tim.o
    0x08005d5c   0x08005d5c   0x00000010   Code   RO         2595    i.TIM_ITRx_SetConfig  stm32f4xx_hal_tim.o
    0x08005d6c   0x08005d6c   0x000000e4   Code   RO         2596    i.TIM_OC1_SetConfig  stm32f4xx_hal_tim.o
    0x08005e50   0x08005e50   0x000000ec   Code   RO         2597    i.TIM_OC2_SetConfig  stm32f4xx_hal_tim.o
    0x08005f3c   0x08005f3c   0x000000ec   Code   RO         2598    i.TIM_OC3_SetConfig  stm32f4xx_hal_tim.o
    0x08006028   0x08006028   0x000000a4   Code   RO         2599    i.TIM_OC4_SetConfig  stm32f4xx_hal_tim.o
    0x080060cc   0x080060cc   0x000002d8   Code   RO         2600    i.TIM_SlaveTimer_SetConfig  stm32f4xx_hal_tim.o
    0x080063a4   0x080063a4   0x00000022   Code   RO         2601    i.TIM_TI1_ConfigInputStage  stm32f4xx_hal_tim.o
    0x080063c6   0x080063c6   0x00000002   PAD
    0x080063c8   0x080063c8   0x00000080   Code   RO         2602    i.TIM_TI1_SetConfig  stm32f4xx_hal_tim.o
    0x08006448   0x08006448   0x00000024   Code   RO         2603    i.TIM_TI2_ConfigInputStage  stm32f4xx_hal_tim.o
    0x0800646c   0x0800646c   0x00000036   Code   RO         2604    i.TIM_TI2_SetConfig  stm32f4xx_hal_tim.o
    0x080064a2   0x080064a2   0x00000010   Code   RO         3504    i.UART_DMAAbortOnError  stm32f4xx_hal_uart.o
    0x080064b2   0x080064b2   0x0000004a   Code   RO         3505    i.UART_DMAError     stm32f4xx_hal_uart.o
    0x080064fc   0x080064fc   0x00000082   Code   RO         3506    i.UART_DMAReceiveCplt  stm32f4xx_hal_uart.o
    0x0800657e   0x0800657e   0x0000001a   Code   RO         3508    i.UART_DMARxHalfCplt  stm32f4xx_hal_uart.o
    0x08006598   0x08006598   0x0000004e   Code   RO         3514    i.UART_EndRxTransfer  stm32f4xx_hal_uart.o
    0x080065e6   0x080065e6   0x0000001c   Code   RO         3515    i.UART_EndTxTransfer  stm32f4xx_hal_uart.o
    0x08006602   0x08006602   0x000000c0   Code   RO         3516    i.UART_Receive_IT   stm32f4xx_hal_uart.o
    0x080066c2   0x080066c2   0x00000002   PAD
    0x080066c4   0x080066c4   0x000001a0   Code   RO         3517    i.UART_SetConfig    stm32f4xx_hal_uart.o
    0x08006864   0x08006864   0x00000094   Code   RO         3518    i.UART_Start_Receive_DMA  stm32f4xx_hal_uart.o
    0x080068f8   0x080068f8   0x0000004c   Code   RO          930    i.USART3_IRQHandler  stm32f4xx_it.o
    0x08006944   0x08006944   0x00000002   Code   RO          931    i.UsageFault_Handler  stm32f4xx_it.o
    0x08006946   0x08006946   0x00000020   Code   RO         2083    i.__NVIC_SetPriority  stm32f4xx_hal_cortex.o
    0x08006966   0x08006966   0x0000007a   Code   RO         5161    i.__hardfp_sqrt     m_wm.l(sqrt.o)
    0x080069e0   0x080069e0   0x0000000e   Code   RO         5240    i.__scatterload_copy  mc_w.l(handlers.o)
    0x080069ee   0x080069ee   0x00000002   Code   RO         5241    i.__scatterload_null  mc_w.l(handlers.o)
    0x080069f0   0x080069f0   0x0000000e   Code   RO         5242    i.__scatterload_zeroinit  mc_w.l(handlers.o)
    0x080069fe   0x080069fe   0x00000002   PAD
    0x08006a00   0x08006a00   0x0000000c   Code   RO         5222    i.__set_errno       mc_w.l(errno.o)
    0x08006a0c   0x08006a0c   0x00000002   Code   RO          432    i.assert_failed     main.o
    0x08006a0e   0x08006a0e   0x00000002   PAD
    0x08006a10   0x08006a10   0x00000038   Code   RO           16    i.can_filter_init   bsp_can.o
    0x08006a48   0x08006a48   0x000000cc   Code   RO          173    i.chassis_control_loop  chassis.o
    0x08006b14   0x08006b14   0x00000074   Code   RO          174    i.chassis_init      chassis.o
    0x08006b88   0x08006b88   0x0000002c   Code   RO          175    i.chassis_state_update  chassis.o
    0x08006bb4   0x08006bb4   0x00000036   Code   RO          176    i.chassis_vector_to_mecanum_wheel_speed  chassis.o
    0x08006bea   0x08006bea   0x00000002   PAD
    0x08006bec   0x08006bec   0x00000044   Code   RO          601    i.filter_array      freertos.o
    0x08006c30   0x08006c30   0x00000014   Code   RO           17    i.get_chassis_motor_measure_point  bsp_can.o
    0x08006c44   0x08006c44   0x00000260   Code   RO          433    i.main              main.o
    0x08006ea4   0x08006ea4   0x0000000c   Code   RO         4640    i.makeFreeRtosPriority  cmsis_os.o
    0x08006eb0   0x08006eb0   0x00000032   Code   RO          602    i.map_fire          freertos.o
    0x08006ee2   0x08006ee2   0x00000020   Code   RO          603    i.map_value         freertos.o
    0x08006f02   0x08006f02   0x0000002c   Code   RO          604    i.my_abs            freertos.o
    0x08006f2e   0x08006f2e   0x0000000e   Code   RO         4642    i.osDelay           cmsis_os.o
    0x08006f3c   0x08006f3c   0x0000000a   Code   RO         4645    i.osKernelStart     cmsis_os.o
    0x08006f46   0x08006f46   0x00000054   Code   RO         4679    i.osThreadCreate    cmsis_os.o
    0x08006f9a   0x08006f9a   0x00000002   PAD
    0x08006f9c   0x08006f9c   0x000000e8   Code   RO          302    i.pid_calculate     pid.o
    0x08007084   0x08007084   0x0000001c   Code   RO          303    i.pid_init          pid.o
    0x080070a0   0x080070a0   0x00000058   Code   RO          304    i.pid_param_init    pid.o
    0x080070f8   0x080070f8   0x00000170   Code   RO          386    i.pid_pitch_control  pitch_init.o
    0x08007268   0x08007268   0x00000008   Code   RO          305    i.pid_reset         pid.o
    0x08007270   0x08007270   0x00000048   Code   RO          387    i.pitch_init        pitch_init.o
    0x080072b8   0x080072b8   0x00000070   Code   RO         4322    i.prvAddCurrentTaskToDelayedList  tasks.o
    0x08007328   0x08007328   0x000000d0   Code   RO         4323    i.prvAddNewTaskToReadyList  tasks.o
    0x080073f8   0x080073f8   0x00000034   Code   RO         4324    i.prvDeleteTCB      tasks.o
    0x0800742c   0x0800742c   0x0000004c   Code   RO         5007    i.prvHeapInit       heap_4.o
    0x08007478   0x08007478   0x00000060   Code   RO         4325    i.prvIdleTask       tasks.o
    0x080074d8   0x080074d8   0x00000098   Code   RO         4326    i.prvInitialiseNewTask  tasks.o
    0x08007570   0x08007570   0x0000004c   Code   RO         5008    i.prvInsertBlockIntoFreeList  heap_4.o
    0x080075bc   0x080075bc   0x00000020   Code   RO         4327    i.prvResetNextTaskUnblockTime  tasks.o
    0x080075dc   0x080075dc   0x00000028   Code   RO         5076    i.prvTaskExitError  port.o
    0x08007604   0x08007604   0x000000dc   Code   RO         5009    i.pvPortMalloc      heap_4.o
    0x080076e0   0x080076e0   0x0000002c   Code   RO         5077    i.pxPortInitialiseStack  port.o
    0x0800770c   0x0800770c   0x00000026   Code   RO         3958    i.uxListRemove      list.o
    0x08007732   0x08007732   0x00000002   PAD
    0x08007734   0x08007734   0x00000014   Code   RO          605    i.vApplicationGetIdleTaskMemory  freertos.o
    0x08007748   0x08007748   0x00000016   Code   RO         3959    i.vListInitialise   list.o
    0x0800775e   0x0800775e   0x00000006   Code   RO         3960    i.vListInitialiseItem  list.o
    0x08007764   0x08007764   0x00000030   Code   RO         3961    i.vListInsert       list.o
    0x08007794   0x08007794   0x00000018   Code   RO         3962    i.vListInsertEnd    list.o
    0x080077ac   0x080077ac   0x00000040   Code   RO         5079    i.vPortEnterCritical  port.o
    0x080077ec   0x080077ec   0x00000028   Code   RO         5080    i.vPortExitCritical  port.o
    0x08007814   0x08007814   0x00000064   Code   RO         5010    i.vPortFree         heap_4.o
    0x08007878   0x08007878   0x00000024   Code   RO         5081    i.vPortSetupTimerInterrupt  port.o
    0x0800789c   0x0800789c   0x0000004c   Code   RO         4336    i.vTaskDelay        tasks.o
    0x080078e8   0x080078e8   0x0000006c   Code   RO         4349    i.vTaskStartScheduler  tasks.o
    0x08007954   0x08007954   0x00000010   Code   RO         4351    i.vTaskSuspendAll   tasks.o
    0x08007964   0x08007964   0x0000005c   Code   RO         4352    i.vTaskSwitchContext  tasks.o
    0x080079c0   0x080079c0   0x000000f4   Code   RO         5083    i.xPortStartScheduler  port.o
    0x08007ab4   0x08007ab4   0x0000005a   Code   RO         4355    i.xTaskCreate       tasks.o
    0x08007b0e   0x08007b0e   0x00000056   Code   RO         4356    i.xTaskCreateStatic  tasks.o
    0x08007b64   0x08007b64   0x000000cc   Code   RO         4363    i.xTaskIncrementTick  tasks.o
    0x08007c30   0x08007c30   0x000000c4   Code   RO         4369    i.xTaskResumeAll    tasks.o
    0x08007cf4   0x08007cf4   0x00000070   Data   RO          609    .constdata          freertos.o
    0x08007d64   0x08007d64   0x00000008   Data   RO         1800    .constdata          stm32f4xx_hal_dma.o
    0x08007d6c   0x08007d6c   0x00000010   Data   RO         3821    .constdata          system_stm32f4xx.o
    0x08007d7c   0x08007d7c   0x00000008   Data   RO         3822    .constdata          system_stm32f4xx.o
    0x08007d84   0x08007d84   0x00000030   Data   RO          610    .conststring        freertos.o
    0x08007db4   0x08007db4   0x00000020   Data   RO         5238    Region$$Table       anon$$obj.o


    Execution Region RW_IRAM1 (Exec base: 0x20000000, Load base: 0x08007dd4, Size: 0x00004a80, Max: 0x0001c000, ABSOLUTE)

    Exec Addr    Load Addr    Size         Type   Attr      Idx    E Section Name        Object

    0x20000000   0x08007dd4   0x00000009   Data   RW           20    .data               bsp_can.o
    0x20000009   0x08007ddd   0x00000003   PAD
    0x2000000c   0x08007de0   0x00000004   Data   RW          181    .data               chassis.o
    0x20000010   0x08007de4   0x00000004   Data   RW          182    .data               chassis.o
    0x20000014   0x08007de8   0x00000004   Data   RW          183    .data               chassis.o
    0x20000018   0x08007dec   0x00000004   Data   RW          342    .data               pitch.o
    0x2000001c   0x08007df0   0x0000000c   Data   RW          435    .data               main.o
    0x20000028   0x08007dfc   0x00000058   Data   RW          611    .data               freertos.o
    0x20000080   0x08007e54   0x0000000c   Data   RW         2227    .data               stm32f4xx_hal.o
    0x2000008c   0x08007e60   0x00000004   Data   RW         3823    .data               system_stm32f4xx.o
    0x20000090   0x08007e64   0x0000003c   Data   RW         4372    .data               tasks.o
    0x200000cc   0x08007ea0   0x00000020   Data   RW         5016    .data               heap_4.o
    0x200000ec   0x08007ec0   0x0000000c   Data   RW         5084    .data               port.o
    0x200000f8   0x08007ecc   0x00000004   Data   RW         5223    .data               mc_w.l(errno.o)
    0x200000fc        -       0x00000060   Zero   RW           18    .bss                bsp_can.o
    0x2000015c        -       0x00000010   Zero   RW           19    .bss                bsp_can.o
    0x2000016c        -       0x00000010   Zero   RW          179    .bss                chassis.o
    0x2000017c        -       0x000001a0   Zero   RW          180    .bss                chassis.o
    0x2000031c        -       0x00000028   Zero   RW          242    .bss                friction.o
    0x20000344        -       0x0000003c   Zero   RW          276    .bss                pick.o
    0x20000380        -       0x0000003c   Zero   RW          341    .bss                pitch.o
    0x200003bc        -       0x00000068   Zero   RW          388    .bss                pitch_init.o
    0x20000424        -       0x00000254   Zero   RW          606    .bss                freertos.o
    0x20000678        -       0x00000028   Zero   RW          696    .bss                can.o
    0x200006a0        -       0x0000000c   Zero   RW          765    .bss                iwdg.o
    0x200006ac        -       0x000001f8   Zero   RW          804    .bss                tim.o
    0x200008a4        -       0x000000a4   Zero   RW          881    .bss                usart.o
    0x20000948        -       0x00000048   Zero   RW         1041    .bss                stm32f4xx_hal_timebase_tim.o
    0x20000990        -       0x000000f0   Zero   RW         4371    .bss                tasks.o
    0x20000a80        -       0x00003c00   Zero   RW         5015    .bss                heap_4.o
    0x20004680        -       0x00000400   Zero   RW            1    STACK               startup_stm32f407xx.o


    Execution Region RW_IRAM2 (Exec base: 0x2001c000, Load base: 0x08007ed0, Size: 0x00000000, Max: 0x00004000, ABSOLUTE)

    **** No section assigned to this execution region ****


==============================================================================

Image component sizes


      Code (inc. data)   RO Data    RW Data    ZI Data      Debug   Object Name

       252         34          0          9        112     706987   bsp_can.o
       228         30          0          0         40       2257   can.o
       418         28          0         12        432       4353   chassis.o
       120          0          0          0          0      23421   cmsis_os.o
        44          4          0          0          0        806   dma.o
         0          0          0          0          0      16944   event_groups.o
      2000        102        160         88        596      11052   freertos.o
        60          6          0          0         40       2187   friction.o
       304         32          0          0          0       1195   gpio.o
       472         24          0         32      15360       7515   heap_4.o
        44          8          0          0         12        755   iwdg.o
       138          0          0          0          0       3626   list.o
       846         80          0         12          0      37643   main.o
        60         12          0          0         60       1727   pick.o
       356         24          0          0          0       2619   pid.o
       312         50          0          4         60      17279   pitch.o
       440         46          0          0        104      16963   pitch_init.o
       702         72          0         12          0      11152   port.o
        36          8        392          0       1024        852   startup_stm32f407xx.o
        80         14          0         12          0       8170   stm32f4xx_hal.o
      2690        304          0          0          0      14411   stm32f4xx_hal_can.o
       420        196          0          0          0      33374   stm32f4xx_hal_cortex.o
      1698        138          8          0          0       7654   stm32f4xx_hal_dma.o
       764        110          0          0          0       1640   stm32f4xx_hal_gpio.o
       236         66          0          0          0       1967   stm32f4xx_hal_iwdg.o
        56          4          0          0          0        898   stm32f4xx_hal_msp.o
      2046        202          0          0          0       7884   stm32f4xx_hal_rcc.o
      8146       1676          0          0          0      26941   stm32f4xx_hal_tim.o
       668        162          0          0          0       3501   stm32f4xx_hal_tim_ex.o
       152         20          0          0         72       1523   stm32f4xx_hal_timebase_tim.o
      2220        178          0          0          0      14233   stm32f4xx_hal_uart.o
       152         46          0          0          0       6539   stm32f4xx_it.o
         0          0          0          0          0        384   stream_buffer.o
        16          4         24          4          0       1175   system_stm32f4xx.o
      1520        112          0         60        240      19730   tasks.o
      1732        128          0          0        504       7630   tim.o
       268         28          0          0        164       1885   usart.o

    ----------------------------------------------------------------------
     29734       3948        616        248      18820    1028872   Object Totals
         0          0         32          0          0          0   (incl. Generated)
        38          0          0          3          0          0   (incl. Padding)

    ----------------------------------------------------------------------

      Code (inc. data)   RO Data    RW Data    ZI Data      Debug   Library Member Name

        68          0          0          0          0       1042   arm_pid_init_f32.o
       122          0          0          0          0        148   sqrt.o
         0          0          0          0          0          0   entry.o
         0          0          0          0          0          0   entry10a.o
         0          0          0          0          0          0   entry11a.o
         4          0          0          0          0          0   entry12b.o
         8          4          0          0          0          0   entry2.o
         4          0          0          0          0          0   entry5.o
         0          0          0          0          0          0   entry7b.o
         0          0          0          0          0          0   entry8b.o
         8          4          0          0          0          0   entry9a.o
        12          6          0          4          0         68   errno.o
        30          0          0          0          0          0   handlers.o
        36          8          0          0          0         68   init.o
         0          0          0          0          0          0   iusefp.o
        30          0          0          0          0         68   llshl.o
        32          0          0          0          0         68   llushr.o
        36          0          0          0          0         68   memcpya.o
        36          0          0          0          0        108   memseta.o
        98          0          0          0          0         92   uldiv.o
        56          0          0          0          0         88   d2f.o
       222          0          0          0          0        100   ddiv.o
       186          0          0          0          0        176   depilogue.o
        62          0          0          0          0         80   dfixi.o
        34          0          0          0          0         76   dflti.o
       228          0          0          0          0         96   dmul.o
       162          0          0          0          0        100   dsqrt.o
       176          0          0          0          0        140   fadd.o
       110          0          0          0          0        168   fepilogue.o
       100          0          0          0          0         76   fmul.o

    ----------------------------------------------------------------------
      1862         22          0          4          0       2830   Library Totals
         2          0          0          0          0          0   (incl. Padding)

    ----------------------------------------------------------------------

      Code (inc. data)   RO Data    RW Data    ZI Data      Debug   Library Name

        68          0          0          0          0       1042   arm_cortexM4l_math.lib
       122          0          0          0          0        148   m_wm.l
       334         22          0          4          0        540   mc_w.l
      1336          0          0          0          0       1100   mf_w.l

    ----------------------------------------------------------------------
      1862         22          0          4          0       2830   Library Totals

    ----------------------------------------------------------------------

==============================================================================


      Code (inc. data)   RO Data    RW Data    ZI Data      Debug   

     31596       3970        616        252      18820    1011926   Grand Totals
     31596       3970        616        252      18820    1011926   ELF Image Totals
     31596       3970        616        252          0          0   ROM Totals

==============================================================================

    Total RO  Size (Code + RO Data)                32212 (  31.46kB)
    Total RW  Size (RW Data + ZI Data)             19072 (  18.63kB)
    Total ROM Size (Code + RO Data + RW Data)      32464 (  31.70kB)

==============================================================================

